Archive member included because of file (symbol)

/home/ashish/me/lib/libm.a(s_fabs.o)
                              browser.o (fabs)
/home/ashish/me/lib/libm.a(s_ceil.o)
                              layout.o (ceil)
/home/ashish/me/lib/libm.a(sf_ceil.o)
                              html_redraw.o (ceilf)
/home/ashish/me/lib/libcurl.a(curl.o)
                              data.o (curl_free)
/home/ashish/me/lib/libiconv.a(iconv.o)
                              utf8.o (libiconv_open)
/home/ashish/me/lib/libnsbmp.a(libnsbmp.o)
                              bmp.o (bmp_create)
/home/ashish/me/lib/libnsgif.a(libnsgif.o)
                              gif.o (gif_create)
/home/ashish/me/lib/libpng.a(pngerror.o)
                              png.o (png_set_longjmp_fn)
/home/ashish/me/lib/libpng.a(pngget.o)
                              png.o (png_get_valid)
/home/ashish/me/lib/libpng.a(png.o)
                              png.o (png_get_io_ptr)
/home/ashish/me/lib/libpng.a(pngpread.o)
                              png.o (png_get_progressive_ptr)
/home/ashish/me/lib/libpng.a(pngread.o)
                              png.o (png_destroy_read_struct)
/home/ashish/me/lib/libpng.a(pngrio.o)
                              png.o (png_set_read_fn)
/home/ashish/me/lib/libpng.a(pngrtran.o)
                              png.o (png_set_strip_16)
/home/ashish/me/lib/libpng.a(pngrutil.o)
                              /home/ashish/me/lib/libpng.a(pngpread.o) (png_read_filter_row)
/home/ashish/me/lib/libpng.a(pngset.o)
                              /home/ashish/me/lib/libpng.a(pngrutil.o) (png_set_oFFs)
/home/ashish/me/lib/libpng.a(pngtrans.o)
                              /home/ashish/me/lib/libpng.a(pngread.o) (png_set_bgr)
/home/ashish/me/lib/libpng.a(pngmem.o)
                              /home/ashish/me/lib/libpng.a(pngread.o) (png_set_mem_fn)
/home/ashish/me/lib/libjpeg.a(jdapimin.o)
                              jpeg.o (jpeg_finish_decompress)
/home/ashish/me/lib/libjpeg.a(jdapistd.o)
                              jpeg.o (jpeg_read_scanlines)
/home/ashish/me/lib/libjpeg.a(jdinput.o)
                              /home/ashish/me/lib/libjpeg.a(jdapimin.o) (jinit_input_controller)
/home/ashish/me/lib/libjpeg.a(jdmarker.o)
                              jpeg.o (jpeg_resync_to_restart)
/home/ashish/me/lib/libjpeg.a(jdmaster.o)
                              jpeg.o (jpeg_calc_output_dimensions)
/home/ashish/me/lib/libjpeg.a(jdmerge.o)
                              /home/ashish/me/lib/libjpeg.a(jdmaster.o) (jinit_merged_upsampler)
/home/ashish/me/lib/libjpeg.a(jdphuff.o)
                              /home/ashish/me/lib/libjpeg.a(jdmaster.o) (jinit_phuff_decoder)
/home/ashish/me/lib/libjpeg.a(jdpostct.o)
                              /home/ashish/me/lib/libjpeg.a(jdmaster.o) (jinit_d_post_controller)
/home/ashish/me/lib/libjpeg.a(jdsample.o)
                              /home/ashish/me/lib/libjpeg.a(jdmaster.o) (jinit_upsampler)
/home/ashish/me/lib/libjpeg.a(jerror.o)
                              jpeg.o (jpeg_std_error)
/home/ashish/me/lib/libjpeg.a(jquant1.o)
                              /home/ashish/me/lib/libjpeg.a(jdmaster.o) (jinit_1pass_quantizer)
/home/ashish/me/lib/libjpeg.a(jquant2.o)
                              /home/ashish/me/lib/libjpeg.a(jdmaster.o) (jinit_2pass_quantizer)
/home/ashish/me/lib/libjpeg.a(jutils.o)
                              /home/ashish/me/lib/libjpeg.a(jdinput.o) (jdiv_round_up)
/home/ashish/me/lib/libjpeg.a(jmemmgr.o)
                              /home/ashish/me/lib/libjpeg.a(jdapimin.o) (jinit_memory_mgr)
/home/ashish/me/lib/libjpeg.a(jmemnobs.o)
                              /home/ashish/me/lib/libjpeg.a(jmemmgr.o) (jpeg_mem_available)
/home/ashish/me/lib/libjpeg.a(jcomapi.o)
                              /home/ashish/me/lib/libjpeg.a(jdapimin.o) (jpeg_abort)
/home/ashish/me/lib/libjpeg.a(jdcoefct.o)
                              /home/ashish/me/lib/libjpeg.a(jdmaster.o) (jinit_d_coef_controller)
/home/ashish/me/lib/libjpeg.a(jdcolor.o)
                              /home/ashish/me/lib/libjpeg.a(jdmaster.o) (jinit_color_deconverter)
/home/ashish/me/lib/libjpeg.a(jddctmgr.o)
                              /home/ashish/me/lib/libjpeg.a(jdmaster.o) (jinit_inverse_dct)
/home/ashish/me/lib/libjpeg.a(jdhuff.o)
                              /home/ashish/me/lib/libjpeg.a(jdphuff.o) (jpeg_fill_bit_buffer)
/home/ashish/me/lib/libjpeg.a(jdmainct.o)
                              /home/ashish/me/lib/libjpeg.a(jdmaster.o) (jinit_d_main_controller)
/home/ashish/me/lib/libjpeg.a(jidctflt.o)
                              /home/ashish/me/lib/libjpeg.a(jddctmgr.o) (jpeg_idct_float)
/home/ashish/me/lib/libjpeg.a(jidctfst.o)
                              /home/ashish/me/lib/libjpeg.a(jddctmgr.o) (jpeg_idct_ifast)
/home/ashish/me/lib/libjpeg.a(jidctint.o)
                              /home/ashish/me/lib/libjpeg.a(jddctmgr.o) (jpeg_idct_islow)
/home/ashish/me/lib/libjpeg.a(jidctred.o)
[...]
Memory Configuration

Name             Origin             Length             Attributes
*default*        0x0000000000000000 0xffffffffffffffff

Linker script and memory map


.text           0x0000000000000000   0x1d0700
                0x0000000000000000                code = .
                0x0000000000000000                _code = .
 *(.text)
 .text          0x0000000000000000       0x24 /home/ashish/me/stub/crt0.o
                0x0000000000000000                start
                0x0000000000000000                __menuet__app_header
                0x0000000000000014                __menuet__memsize
 *fill*         0x0000000000000024        0xc 
 .text          0x0000000000000030      0xec3 about.o
                0x0000000000000e90                fetch_about_register
 *fill*         0x0000000000000ef3        0xd 
 .text          0x0000000000000f00      0x44a base64.o
                0x0000000000000f00                base64_encode
                0x0000000000001060                base64_encode_alloc
                0x00000000000010f0                isbase64
                0x0000000000001110                base64_decode
                0x00000000000012b0                base64_decode_alloc
 *fill*         0x000000000000134a        0x2 
 .text          0x000000000000134c      0x52b bitmap_fbtk.o
                0x00000000000016cb                fbtk_set_bitmap
                0x000000000000173c                fbtk_create_bitmap
                0x00000000000017c8                fbtk_create_button
 *fill*         0x0000000000001877        0x9 
 .text          0x0000000000001880      0x5a6 bitmap.o
                0x0000000000001880                bitmap_create
                0x00000000000019e0                bitmap_get_buffer
                0x0000000000001a30                bitmap_get_rowstride
                0x0000000000001a80                bitmap_destroy
                0x0000000000001ac0                bitmap_save
                0x0000000000001ad0                bitmap_modified
                0x0000000000001ae0                bitmap_set_opaque
                0x0000000000001be0                bitmap_test_opaque
                0x0000000000001d20                bitmap_get_opaque
                0x0000000000001d80                bitmap_get_width
                0x0000000000001dd0                bitmap_get_height
                0x0000000000001e20                bitmap_get_bpp
 *fill*         0x0000000000001e26        0xa 
 .text          0x0000000000001e30      0x4d0 bmp.o
                0x00000000000022d0                nsbmp_init
 .text          0x0000000000002300     0x5fc2 box_construct.o
                0x0000000000005580                dom_to_box
                0x0000000000005630                box_construct_init
                0x0000000000005b30                box_construct_fini
                0x0000000000005fb0                box_extract_link
 *fill*         0x00000000000082c2        0xe 
 .text          0x00000000000082d0     0x14ab box_normalise.o
                0x00000000000082d0                box_normalise_block
 *fill*         0x000000000000977b        0x5 
 .text          0x0000000000009780     0x1bda box.o
                0x0000000000009f80                box_style_alloc
                0x0000000000009fb0                box_create
                0x000000000000a1d0                box_add_child
                0x000000000000a270                box_insert_sibling
                0x000000000000a2c0                box_free_box
                0x000000000000a320                box_free
                0x000000000000a360                box_unlink_and_free
                0x000000000000a3f0                box_coords
                0x000000000000a4a0                box_bounds
                0x000000000000a4f0                box_at_point
                0x000000000000a820                box_pick_text_box
                0x000000000000a960                box_find_by_id
                0x000000000000a9b0                box_visible
                0x000000000000a9e0                box_dump
                0x000000000000b050                box_handle_scrollbars
                0x000000000000b320                box_vscrollbar_present
                0x000000000000b340                box_hscrollbar_present
 *fill*         0x000000000000b35a        0x6 
 .text          0x000000000000b360     0x5326 browser.o
                0x000000000000bbe0                browser_window_redraw
                0x000000000000c260                browser_window_redraw_ready
                0x000000000000c2e0                browser_window_update_extent
                0x000000000000c310                browser_window_get_position
                0x000000000000c460                browser_window_set_position
                0x000000000000c510                browser_window_set_drag_type
                0x000000000000c580                browser_window_get_drag_type
                0x000000000000c590                browser_window_get_root
                0x000000000000c5d0                browser_window_has_selection
                0x000000000000c620                browser_window_set_selection
                0x000000000000ca90                browser_window_get_selection
                0x000000000000cad0                browser_window_scroll_visible
                0x000000000000cb90                browser_window_set_scroll
                0x000000000000cc20                browser_window_get_contextual_content
                0x000000000000cd10                browser_window_scroll_at_point
                0x000000000000ce50                browser_window_drop_file_at_point
                0x000000000000cf50                browser_window_debug_dump
                0x000000000000cf70                browser_window_initialise_common
                0x000000000000d2e0                browser_window_get_dimensions
                0x000000000000d360                browser_window_set_dimensions
                0x000000000000d410                browser_window_update_box
                0x000000000000d510                browser_window_update
                0x000000000000d890                browser_window_set_status
                0x000000000000d950                browser_window_set_pointer
                0x000000000000da30                browser_window_destroy
                0x000000000000da80                browser_window_reformat
                0x000000000000db70                browser_window_set_scale
                0x000000000000dbd0                browser_window_get_scale
                0x000000000000dbe0                browser_window_refresh_url_bar
                0x000000000000dcd0                browser_window_stop
                0x000000000000de30                browser_window_go_post
                0x000000000000e7f0                browser_window_go_unverifiable
                0x000000000000e850                browser_window_download
                0x000000000000e8b0                browser_window_go
                0x000000000000ea00                browser_window_reload
                0x000000000000eb10                browser_window_create
                0x000000000000fa80                browser_window_find_target
                0x000000000000fda0                browser_window_mouse_track
                0x0000000000010260                browser_window_redraw_rect
                0x0000000000010270                browser_window_page_drag_start
                0x0000000000010320                browser_window_mouse_click
                0x00000000000105b0                browser_window_back_available
                0x00000000000105e0                browser_window_forward_available
                0x0000000000010610                browser_window_reload_available
                0x0000000000010640                browser_window_stop_available
 *fill*         0x0000000000010686        0x2 
 .text          0x0000000000010688        0x0 caret_image.o
 *fill*         0x0000000000010688        0x8 
 .text          0x0000000000010690      0x285 challenge.o
                0x00000000000106e0                http__parse_challenge
                0x00000000000108e0                http_challenge_list_iterate
                0x0000000000010910                http_challenge_list_destroy
 *fill*         0x0000000000010915        0xb 
 .text          0x0000000000010920      0x188 clipboard.o
                0x0000000000010920                gui_get_clipboard
                0x0000000000010a30                gui_set_clipboard
 *fill*         0x0000000000010aa8        0x8 
 .text          0x0000000000010ab0      0x18a content-disposition.o
                0x0000000000010ab0                http_parse_content_disposition
                0x0000000000010bf0                http_content_disposition_destroy
 *fill*         0x0000000000010c3a        0x6 
 .text          0x0000000000010c40      0x2fd content_factory.o
                0x0000000000010cc0                content_factory_fini
                0x0000000000010d40                content_factory_register_handler
                0x0000000000010e40                content_factory_type_from_mime_type
                0x0000000000010e60                content_factory_create_content
 *fill*         0x0000000000010f3d        0x3 
 .text          0x0000000000010f40     0x2163 content.o
                0x0000000000011000                content_can_reformat
                0x0000000000011030                content_set_status
                0x0000000000011090                content__init
                0x0000000000011290                content_set_error
                0x00000000000112b0                content_mouse_action
                0x0000000000011350                content_redraw
                0x00000000000113f0                content_add_user
                0x00000000000114e0                content_remove_user
                0x0000000000011610                content_count_users
                0x0000000000011660                content_matches_quirks
                0x0000000000011680                content_is_shareable
                0x00000000000116a0                content_broadcast
                0x0000000000011760                content__request_redraw
                0x00000000000117d0                content_request_redraw
                0x0000000000011830                content_mouse_track
                0x0000000000011950                content__reformat
                0x0000000000011ae0                content_reformat
                0x0000000000011b30                content_set_done
                0x0000000000011bc0                content_set_ready
                0x0000000000011f90                content_broadcast_errorcode
                0x0000000000012060                content_open
                0x0000000000012170                content_close
                0x0000000000012230                content_get_selection
                0x0000000000012280                content_get_contextual_content
                0x0000000000012320                content_scroll_at_point
                0x00000000000123c0                content_drop_file_at_point
                0x0000000000012450                content_debug_dump
                0x00000000000124b0                content_add_error
                0x00000000000124c0                content__set_title
                0x0000000000012520                content_find_rfc5988_link
                0x00000000000125a0                content__free_rfc5988_link
                0x00000000000126f0                content_destroy
                0x0000000000012850                content__add_rfc5988_link
                0x0000000000012970                content_get_type
                0x00000000000129a0                content_get_mime_type
                0x00000000000129d0                content__get_mime_type
                0x00000000000129f0                content_get_url
                0x0000000000012a10                content__get_title
                0x0000000000012a50                content_get_title
                0x0000000000012a70                content_get_status
                0x0000000000012aa0                content__get_status
                0x0000000000012ac0                content_get_status_message
                0x0000000000012af0                content__get_status_message
                0x0000000000012b10                content_get_width
                0x0000000000012b40                content__get_width
                0x0000000000012b60                content_get_height
                0x0000000000012b90                content__get_height
                0x0000000000012bb0                content_get_available_width
                0x0000000000012be0                content__get_available_width
                0x0000000000012c00                content__get_source_data
                0x0000000000012c60                content_get_source_data
                0x0000000000012c90                content__invalidate_reuse_data
                0x0000000000012cb0                content_invalidate_reuse_data
                0x0000000000012cd0                content_get_refresh_url
                0x0000000000012d00                content__get_refresh_url
                0x0000000000012d20                content__get_bitmap
                0x0000000000012d70                content_get_bitmap
                0x0000000000012d90                content__get_opaque
                0x0000000000012df0                content_get_opaque
                0x0000000000012e10                content_get_quirks
                0x0000000000012e40                content_is_locked
                0x0000000000012e60                content__is_locked
                0x0000000000012e70                content_get_llcache_handle
                0x0000000000012e90                content_clone
                0x0000000000012ec0                content__clone
                0x0000000000013030                content_abort
 *fill*         0x00000000000130a3        0xd 
 .text          0x00000000000130b0      0x3da content-type.o
                0x00000000000130b0                http_parse_content_type
                0x0000000000013440                http_content_type_destroy
 *fill*         0x000000000001348a        0x6 
 .text          0x0000000000013490      0xe45 cookies.o
                0x0000000000013e40                cookies_schedule_update
                0x0000000000013eb0                cookies_initialise
                0x0000000000013f50                cookies_get_tree_flags
                0x0000000000013f60                cookies_remove
                0x0000000000013fa0                cookies_cleanup
                0x0000000000013fd0                cookies_delete_selected
                0x0000000000014010                cookies_delete_all
                0x0000000000014100                cookies_select_all
                0x0000000000014130                cookies_clear_selection
                0x0000000000014160                cookies_expand_all
                0x00000000000141a0                cookies_expand_domains
                0x00000000000141e0                cookies_expand_cookies
                0x0000000000014220                cookies_collapse_all
                0x0000000000014260                cookies_collapse_domains
                0x00000000000142a0                cookies_collapse_cookies
 *fill*         0x00000000000142d5        0xb 
 .text          0x00000000000142e0     0x5305 corestrings.o
                0x00000000000142e0                corestrings_fini
                0x0000000000017000                corestrings_init
 *fill*         0x00000000000195e5        0xb 
 .text          0x00000000000195f0      0xee7 css.o
                0x0000000000019c80                nscss_create_css_data
                0x0000000000019f90                nscss_process_css_data
                0x000000000001a050                nscss_convert_css_data
                0x000000000001a340                nscss_destroy_css_data
                0x000000000001a3d0                nscss_get_stylesheet
                0x000000000001a410                nscss_get_imports
                0x000000000001a480                nscss_init
 *fill*         0x000000000001a4d7        0x9 
 .text          0x000000000001a4e0      0xcdc curl.o
                0x000000000001a850                kol_exit
                0x000000000001a860                HTTP_YAY
                0x000000000001a880                return_null_terminated_string
                0x000000000001a8e0                HTTP_INIT
                0x000000000001aac0                fetch_curl_register
                0x000000000001ac50                fetch_curl_process_headers
                0x000000000001b1a0                curl2_unescape
 *fill*         0x000000000001b1bc        0x4 
 .text          0x000000000001b1c0      0x783 data.o
                0x000000000001b8e0                fetch_data_register
 *fill*         0x000000000001b943        0xd 
 .text          0x000000000001b950      0x3f5 dirlist.o
                0x000000000001b950                dirlist_generate_top
                0x000000000001b990                dirlist_generate_hide_columns
                0x000000000001ba50                dirlist_generate_title
                0x000000000001baa0                dirlist_generate_parent_link
                0x000000000001baf0                dirlist_generate_headings
                0x000000000001bba0                dirlist_generate_row
                0x000000000001bd10                dirlist_generate_bottom
 *fill*         0x000000000001bd45        0x3 
 .text          0x000000000001bd48      0x186 dll.o
                0x000000000001bd48                dll_load
                0x000000000001be6b                mem_Alloc
                0x000000000001be85                mem_ReAlloc
                0x000000000001beb0                mem_Free
 *fill*         0x000000000001bece        0x2 
 .text          0x000000000001bed0      0x538 download.o
                0x000000000001c1c0                download_context_create
                0x000000000001c220                download_context_destroy
                0x000000000001c3b0                download_context_abort
                0x000000000001c3c0                download_context_get_url
                0x000000000001c3e0                download_context_get_mime_type
                0x000000000001c3f0                download_context_get_total_length
                0x000000000001c400                download_context_get_filename
 *fill*         0x000000000001c408        0x8 
 .text          0x000000000001c410     0x2eec dump.o
                0x000000000001c6a0                nscss_dump_computed_style
 .text          0x000000000001f2fc      0x447 event.o
                0x000000000001f2fc                fbtk_input
                0x000000000001f36c                fbtk_click
                0x000000000001f443                fbtk_tgrab_pointer
                0x000000000001f486                fbtk_warp_pointer
                0x000000000001f5df                fbtk_event
                0x000000000001f6f3                fbtk_keycode_to_ucs4
 *fill*         0x000000000001f743        0x1 
 .text          0x000000000001f744     0x1088 fbtk.o
                0x000000000001f7c1                fbtk_request_redraw
                0x000000000001f8a9                fbtk_set_mapping
                0x000000000001f919                fbtk_set_zorder
                0x000000000001f94f                fbtk_set_pos_and_size
                0x000000000001f9a1                fbtk_clip_rect
                0x000000000001facd                fbtk_clip_to_widget
                0x000000000001fafe                fbtk_get_root_widget
                0x000000000001fb63                fbtk_set_ptr
                0x000000000001fb99                fbtk_set_caret
                0x000000000001fc4c                fbtk_get_absx
                0x000000000001fc63                fbtk_get_absy
                0x000000000001fc7a                fbtk_get_height
                0x000000000001fc85                fbtk_get_width
                0x000000000001fc90                fbtk_get_bbox
                0x000000000001fcd3                fbtk_get_caret
                0x000000000001fd37                fbtk_get_widget_at
                0x000000000001fd96                fbtk_widget_new
                0x00000000000200d8                fbtk_get_redraw_pending
                0x00000000000200f6                fbtk_get_handler
                0x0000000000020111                fbtk_set_handler
                0x000000000002013f                fbtk_post_callback
                0x000000000002069a                fbtk_redraw
                0x00000000000206b9                fbtk_destroy_widget
                0x000000000002071c                fbtk_set_focus
                0x000000000002075a                fbtk_get_nsfb
                0x0000000000020770                fbtk_init
 *fill*         0x00000000000207cc        0x4 
 .text          0x00000000000207d0      0xbdf fetch.o
                0x0000000000020a10                fetch_init
                0x0000000000020aa0                fetch_quit
                0x0000000000020b90                fetch_add_fetcher
                0x0000000000020c20                fetch_start
                0x0000000000020ef0                fetch_abort
                0x0000000000020f30                fetch_free
                0x0000000000020fc0                fetch_poll
                0x0000000000021000                fetch_can_fetch
                0x0000000000021080                fetch_change_callback
                0x00000000000210c0                fetch_http_code
                0x00000000000210d0                fetch_get_verifiable
                0x0000000000021100                fetch_multipart_data_destroy
                0x0000000000021140                fetch_multipart_data_clone
                0x0000000000021200                fetch_send_callback
                0x0000000000021240                fetch_remove_from_queues
                0x0000000000021310                fetch_set_http_code
                0x0000000000021320                fetch_get_referer_to_send
                0x0000000000021340                fetch_set_cookie
 *fill*         0x00000000000213af        0x1 
 .text          0x00000000000213b0      0xd7c filename.o
                0x0000000000021d80                filename_request
                0x0000000000021ec0                filename_claim
                0x0000000000021f90                filename_release
                0x0000000000022030                filename_initialise
                0x0000000000022110                filename_flush
 *fill*         0x000000000002212c        0x4 
 .text          0x0000000000022130      0xcf3 file.o
                0x0000000000022dc0                fetch_file_register
 *fill*         0x0000000000022e23        0xd 
 .text          0x0000000000022e30      0x6ff filepath.o
                0x0000000000022e30                filepath_vsfindfile
                0x0000000000022ec0                filepath_sfindfile
                0x0000000000022ef0                filepath_findfile
                0x0000000000022f50                filepath_sfind
                0x0000000000022fc0                filepath_find
                0x0000000000023040                filepath_sfinddef
                0x0000000000023170                filepath_generate
                0x00000000000232c0                filepath_path_to_strvec
                0x0000000000023510                filepath_free_strvec
 *fill*         0x000000000002352f        0x1 
 .text          0x0000000000023530      0x1bd filetype.o
                0x0000000000023530                fetch_filetype
                0x00000000000236e0                fetch_mimetype
 *fill*         0x00000000000236ed        0x3 
 .text          0x00000000000236f0       0x9d fill.o
                0x0000000000023748                fbtk_create_fill
 *fill*         0x000000000002378d        0x3 
 .text          0x0000000000023790      0x323 findfile.o
                0x0000000000023790                fb_init_resource
                0x0000000000023870                path_to_url
                0x0000000000023930                url_to_path
                0x00000000000239e0                gui_get_resource_url
 *fill*         0x0000000000023ab3        0xd 
 .text          0x0000000000023ac0      0xda6 font_freetype.o
                0x0000000000023d70                utf8_to_local_encoding
                0x0000000000023da0                utf8_from_local_encoding
                0x0000000000023e00                fb_font_init
                0x00000000000244b0                fb_font_finalise
                0x00000000000244e0                fb_getglyph
 *fill*         0x0000000000024866        0xa 
 .text          0x0000000000024870      0x197 font.o
                0x0000000000024870                font_plot_style_from_css
 *fill*         0x0000000000024a07        0x9 
 .text          0x0000000000024a10     0x25a7 form.o
                0x0000000000025190                form_new
                0x0000000000025380                form_new_control
                0x00000000000253b0                form_add_control
                0x0000000000025410                form_add_option
                0x00000000000254f0                form_successful_controls
                0x0000000000025fe0                form_open_select_menu
                0x0000000000026310                form_free_select_menu
                0x0000000000026350                form_free_control
                0x00000000000263e0                form_free
                0x0000000000026440                form_redraw_select_menu
                0x0000000000026900                form_clip_inside_select_menu
                0x00000000000269a0                form_select_process_selection
                0x0000000000026a00                form_select_mouse_action
                0x0000000000026b20                form_select_mouse_drag_end
                0x0000000000026c00                form_select_get_dimensions
                0x0000000000026c20                form_select_menu_callback
                0x0000000000026ca0                form_radio_set
                0x0000000000026d80                form_submit
 *fill*         0x0000000000026fb7        0x9 
 .text          0x0000000000026fc0      0x940 framebuffer.o
                0x00000000000275d0                framebuffer_initialise
                0x0000000000027890                framebuffer_finalise
                0x00000000000278b0                framebuffer_set_cursor
                0x00000000000278f0                framebuffer_set_surface
 .text          0x0000000000027900     0x1caf frames.o
                0x0000000000028180                browser_window_scroll_callback
                0x00000000000282b0                browser_window_handle_scrollbars
                0x0000000000028500                browser_window_recalculate_iframes
                0x0000000000028550                browser_window_create_iframes
                0x0000000000028770                browser_window_recalculate_frameset
                0x0000000000028ec0                browser_window_create_frameset
                0x0000000000029340                browser_window_resize_frame
                0x0000000000029550                browser_window_frame_resize_start
 *fill*         0x00000000000295af        0x1 
 .text          0x00000000000295b0       0xe7 generics.o
                0x00000000000295b0                http___item_list_destroy
                0x00000000000295e0                http___item_list_parse
 *fill*         0x0000000000029697        0x9 
 .text          0x00000000000296a0      0x81b gif.o
                0x0000000000029ea0                nsgif_init
 *fill*         0x0000000000029ebb        0x5 
 .text          0x0000000000029ec0     0x33a6 gui.o
                0x000000000002b5e0                gui_options_init_defaults
                0x000000000002b6a0                gui_poll
                0x000000000002b910                gui_quit
                0x000000000002b970                gui_create_browser_window
                0x000000000002ca80                gui_window_destroy
                0x000000000002caa0                gui_window_set_title
                0x000000000002cb20                gui_window_redraw_window
                0x000000000002cb70                gui_window_update_box
                0x000000000002cbe0                gui_window_get_scroll
                0x000000000002cc40                gui_window_set_scroll
                0x000000000002cd10                gui_window_scroll_visible
                0x000000000002cdd0                gui_window_get_dimensions
                0x000000000002ce50                gui_window_update_extent
                0x000000000002cf30                gui_window_set_status
                0x000000000002cf40                gui_window_set_pointer
                0x000000000002cfb0                gui_window_hide_pointer
                0x000000000002cfc0                gui_window_set_url
                0x000000000002cfd0                gui_window_start_throbber
                0x000000000002d000                gui_window_stop_throbber
                0x000000000002d030                gui_window_place_caret
                0x000000000002d0e0                gui_window_remove_caret
                0x000000000002d150                gui_window_new_content
                0x000000000002d160                gui_window_scroll_start
                0x000000000002d170                gui_window_drag_start
                0x000000000002d180                gui_window_save_link
                0x000000000002d190                gui_window_set_icon
                0x000000000002d1a0                gui_window_set_search_ico
                0x000000000002d1b0                gui_download_window_create
                0x000000000002d1c0                gui_download_window_data
                0x000000000002d1d0                gui_download_window_error
                0x000000000002d1e0                gui_download_window_done
                0x000000000002d1f0                gui_drag_save_object
                0x000000000002d200                gui_drag_save_selection
                0x000000000002d210                gui_start_selection
                0x000000000002d220                gui_clear_selection
                0x000000000002d230                gui_create_form_select_menu
                0x000000000002d240                gui_launch_url
                0x000000000002d250                gui_cert_verify
 *fill*         0x000000000002d266        0x2 
 .text          0x000000000002d268        0x0 hand_image.o
 *fill*         0x000000000002d268        0x8 
 .text          0x000000000002d270      0x431 hashtable.o
                0x000000000002d270                hash_create
                0x000000000002d360                hash_destroy
                0x000000000002d3d0                hash_add
                0x000000000002d5a0                hash_get
                0x000000000002d640                hash_iterate
 *fill*         0x000000000002d6a1        0xf 
 .text          0x000000000002d6b0     0x1228 history_core.o
                0x000000000002de80                history_create
                0x000000000002ded0                history_add
                0x000000000002e1d0                history_update
                0x000000000002e2c0                history_destroy
                0x000000000002e2f0                history_clone
                0x000000000002e3d0                history_back_available
                0x000000000002e400                history_forward_available
                0x000000000002e430                history_go
                0x000000000002e580                history_forward
                0x000000000002e5c0                history_back
                0x000000000002e600                history_size
                0x000000000002e620                history_redraw
                0x000000000002e680                history_redraw_rectangle
                0x000000000002e730                history_click
                0x000000000002e780                history_position_url
                0x000000000002e7b0                history_enumerate_forward
                0x000000000002e820                history_enumerate_back
                0x000000000002e890                history_enumerate
                0x000000000002e8b0                history_entry_get_url
                0x000000000002e8c0                history_entry_get_fragment_id
                0x000000000002e8d0                history_entry_get_title
 *fill*         0x000000000002e8d8        0x8 
 .text          0x000000000002e8e0      0xb0c history_global_core.o
                0x000000000002ed50                history_global_initialise
                0x000000000002f070                history_global_get_tree_flags
                0x000000000002f080                history_global_cleanup
                0x000000000002f0a0                global_history_add
                0x000000000002f0d0                history_global_export
                0x000000000002f100                history_global_delete_selected
                0x000000000002f120                history_global_delete_all
                0x000000000002f1f0                history_global_select_all
                0x000000000002f220                history_global_clear_selection
                0x000000000002f250                history_global_expand_all
                0x000000000002f290                history_global_expand_directories
                0x000000000002f2d0                history_global_expand_addresses
                0x000000000002f310                history_global_collapse_all
                0x000000000002f350                history_global_collapse_directories
                0x000000000002f390                history_global_collapse_addresses
                0x000000000002f3d0                history_global_launch_selected
 .text          0x000000000002f3ec        0x0 history_image_g.o
 .text          0x000000000002f3ec        0x0 history_image.o
 *fill*         0x000000000002f3ec        0x4 
 .text          0x000000000002f3f0     0x116b hlcache.o
                0x000000000002fc20                hlcache_initialise
                0x000000000002fce0                hlcache_stop
                0x000000000002fd00                hlcache_poll
                0x000000000002fd10                hlcache_handle_retrieve
                0x000000000002fe80                hlcache_handle_release
                0x000000000002ff60                hlcache_handle_get_content
                0x000000000002ffa0                hlcache_handle_abort
                0x0000000000030170                hlcache_handle_replace_callback
                0x0000000000030190                hlcache_handle_clone
                0x00000000000301a0                hlcache_handle_get_url
                0x0000000000030220                hlcache_finalise
 *fill*         0x000000000003055b        0x5 
 .text          0x0000000000030560      0xcbe hotlist.o
                0x00000000000307f0                hotlist_initialise
                0x0000000000030a70                hotlist_get_tree_flags
                0x0000000000030a80                hotlist_visited
                0x0000000000030ab0                hotlist_export
                0x0000000000030ae0                hotlist_cleanup
                0x0000000000030b10                hotlist_edit_selected
                0x0000000000030b60                hotlist_delete_selected
                0x0000000000030b80                hotlist_select_all
                0x0000000000030bb0                hotlist_clear_selection
                0x0000000000030be0                hotlist_expand_all
                0x0000000000030c20                hotlist_expand_directories
                0x0000000000030c60                hotlist_expand_addresses
                0x0000000000030ca0                hotlist_collapse_all
                0x0000000000030ce0                hotlist_collapse_directories
                0x0000000000030d20                hotlist_collapse_addresses
                0x0000000000030d60                hotlist_add_folder
                0x0000000000030f00                hotlist_add_entry
                0x0000000000031010                hotlist_add_page
                0x00000000000310c0                hotlist_add_page_xy
                0x00000000000311c0                hotlist_launch_selected
                0x00000000000311e0                hotlist_set_default_folder
 *fill*         0x000000000003121e        0x2 
 .text          0x0000000000031220      0xe59 html_forms.o
                0x0000000000031220                html_forms_get_forms
                0x00000000000315f0                html_forms_get_control_for_node
 *fill*         0x0000000000032079        0x7 
 .text          0x0000000000032080     0x1b8f html_interaction.o
                0x0000000000032210                html_overflow_scroll_callback
                0x0000000000032360                html_overflow_scroll_drag_end
                0x0000000000032400                html_mouse_action
                0x00000000000339d0                html_mouse_track
 *fill*         0x0000000000033c0f        0x1 
 .text          0x0000000000033c10     0x5056 html.o
                0x0000000000035d90                html_finish_conversion
                0x0000000000036130                html_begin_conversion
                0x0000000000037170                html_fetch_object
                0x00000000000372d0                html_redraw_a_box
                0x0000000000037330                html__redraw_a_box
                0x00000000000377e0                html_set_status
                0x00000000000387b0                html_set_search
                0x00000000000387c0                html_get_search
                0x00000000000387d0                html_get_document
                0x0000000000038810                html_get_box_tree
                0x0000000000038850                html_get_encoding
                0x0000000000038890                html_get_encoding_source
                0x00000000000388d0                html_get_frameset
                0x0000000000038910                html_get_iframe
                0x0000000000038950                html_get_base_url
                0x0000000000038990                html_get_base_target
                0x00000000000389d0                html_get_stylesheets
                0x0000000000038a40                html_get_objects
                0x0000000000038ab0                html_get_id_offset
                0x0000000000038b10                html_init
                0x0000000000038c10                html_get_browser_window
 *fill*         0x0000000000038c66        0xa 
 .text          0x0000000000038c70     0x6523 html_redraw.o
                0x000000000003a810                text_redraw
                0x000000000003aee0                html_redraw_box
                0x000000000003ef90                html_redraw
 *fill*         0x000000000003f193        0xd 
 .text          0x000000000003f1a0     0x1138 html_script.o
                0x000000000003fa40                html_scripts_exec
                0x000000000003fb20                html_process_script
                0x0000000000040220                html_free_scripts
 *fill*         0x00000000000402d8        0x8 
 .text          0x00000000000402e0      0x65e ico.o
                0x0000000000040910                nsico_init
 *fill*         0x000000000004093e        0x2 
 .text          0x0000000000040940     0x14b6 image_cache.o
                0x0000000000040b10                image_cache_get_bitmap
                0x0000000000040bc0                image_cache_speculate
                0x0000000000040bf0                image_cache_find_bitmap
                0x0000000000040c20                image_cache_init
                0x0000000000040cf0                image_cache_fini
                0x0000000000041220                image_cache_add
                0x00000000000413b0                image_cache_remove
                0x0000000000041440                image_cache_snsummaryf
                0x00000000000418d0                image_cache_snentryf
                0x0000000000041c10                image_cache_redraw
                0x0000000000041d50                image_cache_destroy
                0x0000000000041de0                image_cache_get_internal
                0x0000000000041df0                image_cache_content_type
 *fill*         0x0000000000041df6        0xa 
 .text          0x0000000000041e00     0x11ff imagemap.o
                0x0000000000042520                imagemap_destroy
                0x0000000000042650                imagemap_dump
                0x00000000000429d0                imagemap_extract
                0x0000000000042d00                imagemap_get
 *fill*         0x0000000000042fff        0x1 
 .text          0x0000000000043000      0x18a image.o
                0x0000000000043000                image_init
                0x0000000000043040                image_bitmap_plot
 *fill*         0x000000000004318a        0x6 
 .text          0x0000000000043190       0xeb internal.o
                0x0000000000043190                nscss_resolve_url
 *fill*         0x000000000004327b        0x5 
 .text          0x0000000000043280      0x81e jpeg.o
                0x0000000000043a70                nsjpeg_init
 *fill*         0x0000000000043a9e        0x2 
 .text          0x0000000000043aa0     0x127c knockout.o
                0x0000000000044bc0                knockout_plot_end
                0x0000000000044c10                knockout_plot_start
 *fill*         0x0000000000044d1c        0x4 
 .text          0x0000000000044d20     0x9e44 layout.o
                0x0000000000048240                layout_inline_container
                0x000000000004cee0                layout_minmax_table
                0x000000000004e780                layout_calculate_descendant_bboxes
                0x000000000004ea30                layout_document
 .text          0x000000000004eb64        0x0 left_arrow_g.o
 .text          0x000000000004eb64        0x0 left_arrow.o
 *fill*         0x000000000004eb64        0xc 
 .text          0x000000000004eb70      0x73b libdom.o
                0x000000000004ebc0                libdom_treewalk
                0x000000000004edc0                libdom_find_element
                0x000000000004ee20                libdom_find_first_element
                0x000000000004ef30                libdom_iterate_child_elements
                0x000000000004f030                libdom_hubbub_error_to_nserror
                0x000000000004f0f0                libdom_parse_file
 *fill*         0x000000000004f2ab        0x5 
 .text          0x000000000004f2b0      0x8f2 list.o
                0x000000000004f6a0                render_list_destroy_counters
                0x000000000004f710                render_list_counter_reset
                0x000000000004f7f0                render_list_counter_increment
                0x000000000004f890                render_list_counter_end_scope
                0x000000000004f8f0                render_list_counter
                0x000000000004fba0                render_list_test
 *fill*         0x000000000004fba2        0xe 
 .text          0x000000000004fbb0     0x2573 llcache.o
                0x00000000000517d0                llcache_clean
                0x0000000000051940                llcache_initialise
                0x0000000000051a40                llcache_finalise
                0x0000000000051b90                llcache_poll
                0x0000000000051be0                llcache_handle_retrieve
                0x0000000000051c80                llcache_handle_change_callback
                0x0000000000051ca0                llcache_handle_release
                0x0000000000051d10                llcache_handle_clone
                0x0000000000051d60                llcache_handle_abort
                0x0000000000051f90                llcache_handle_force_stream
                0x0000000000052020                llcache_handle_invalidate_cache_data
                0x0000000000052050                llcache_handle_get_url
                0x0000000000052070                llcache_handle_get_source_data
                0x00000000000520a0                llcache_handle_get_header
                0x0000000000052110                llcache_handle_references_same_object
 *fill*         0x0000000000052123        0xd 
 .text          0x0000000000052130      0x3ee locale.o
                0x0000000000052130                ls_isalpha
                0x0000000000052180                ls_isalnum
                0x00000000000521d0                ls_iscntrl
                0x0000000000052220                ls_isdigit
                0x0000000000052270                ls_isgraph
                0x00000000000522c0                ls_islower
                0x0000000000052310                ls_isprint
                0x0000000000052360                ls_ispunct
                0x00000000000523b0                ls_isspace
                0x0000000000052400                ls_isupper
                0x0000000000052450                ls_isxdigit
                0x00000000000524a0                ls_tolower
                0x00000000000524e0                ls_toupper
 *fill*         0x000000000005251e        0x2 
 .text          0x0000000000052520      0x6b3 localhistory.o
                0x00000000000526a0                fb_create_localhistory
                0x0000000000052ba0                fb_localhistory_map
 *fill*         0x0000000000052bd3        0xd 
 .text          0x0000000000052be0       0x16 login.o
                0x0000000000052be0                gui_401login_open
 *fill*         0x0000000000052bf6        0xa 
 .text          0x0000000000052c00      0x1a3 log.o
                0x0000000000052c00                nslog_init
                0x0000000000052c90                nslog_gettime
                0x0000000000052d80                nslog_log
 *fill*         0x0000000000052da3        0x1 
 .text          0x0000000000052da4        0x0 menu_image.o
 *fill*         0x0000000000052da4        0xc 
 .text          0x0000000000052db0      0x772 messages.o
                0x0000000000052db0                messages_load_ctx
                0x0000000000053010                messages_load
                0x0000000000053150                messages_get_ctx
                0x00000000000531a0                messages_get_buff
                0x0000000000053290                messages_get
                0x00000000000532b0                messages_get_errorcode
 *fill*         0x0000000000053522        0xe 
 .text          0x0000000000053530     0x17fe mimesniff.o
                0x0000000000053a80                mimesniff_init
                0x0000000000053e30                mimesniff_fini
                0x0000000000054470                mimesniff_compute_effective_type
 *fill*         0x0000000000054d2e        0x2 
 .text          0x0000000000054d30      0x16b misc.o
                0x0000000000054d30                warn_user
                0x0000000000054db0                die
                0x0000000000054e10                filename_from_path
                0x0000000000054e40                path_add_part
 *fill*         0x0000000000054e9b        0x5 
 .text          0x0000000000054ea0      0x1c9 mouse.o
                0x0000000000054ea0                browser_mouse_state_dump
 *fill*         0x0000000000055069        0x3 
 .text          0x000000000005506c        0x0 move_image.o
 *fill*         0x000000000005506c        0x4 
 .text          0x0000000000055070      0x942 netsurf.o
                0x0000000000055150                netsurf_init
                0x0000000000055530                netsurf_main_loop
                0x0000000000055610                netsurf_exit
 *fill*         0x00000000000559b2        0xe 
 .text          0x00000000000559c0       0x66 none.o
                0x00000000000559c0                js_initialise
                0x00000000000559d0                js_finalise
                0x00000000000559e0                js_newcontext
                0x00000000000559f0                js_destroycontext
                0x0000000000055a00                js_newcompartment
                0x0000000000055a10                js_exec
                0x0000000000055a20                js_fire_event
 *fill*         0x0000000000055a26        0x2 
 .text          0x0000000000055a28        0x0 nsfont_bold.o
 .text          0x0000000000055a28        0x0 nsfont_italic_bold.o
 .text          0x0000000000055a28        0x0 nsfont_italic.o
 .text          0x0000000000055a28        0x0 nsfont_regular.o
 *fill*         0x0000000000055a28        0x8 
 .text          0x0000000000055a30     0x2877 nsurl.o
                0x0000000000056ba0                nsurl_create
                0x0000000000056dd0                nsurl_ref
                0x0000000000056e00                nsurl_unref
                0x0000000000057060                nsurl_compare
                0x0000000000057240                nsurl_get
                0x00000000000572d0                nsurl_get_component
                0x0000000000057430                nsurl_has_component
                0x0000000000057590                nsurl_access
                0x00000000000575c0                nsurl_access_leaf
                0x0000000000057630                nsurl_length
                0x0000000000057660                nsurl_join
                0x0000000000057b70                nsurl_defragment
                0x0000000000057c80                nsurl_refragment
                0x0000000000057e10                nsurl_replace_query
                0x0000000000058050                nsurl_parent
 *fill*         0x00000000000582a7        0x9 
 .text          0x00000000000582b0      0xa61 options.o
                0x00000000000583a0                nsoption_read
                0x00000000000585b0                nsoption_write
                0x0000000000058740                nsoption_commandline
                0x0000000000058920                nsoption_snoptionf
                0x0000000000058cb0                nsoption_dump
 *fill*         0x0000000000058d11        0x3 
 .text          0x0000000000058d14        0x0 osk_image.o
 .text          0x0000000000058d14      0x1cf osk.o
                0x0000000000058d65                fbtk_enable_oskb
                0x0000000000058eb9                map_osk
 *fill*         0x0000000000058ee3        0xd 
 .text          0x0000000000058ef0      0x2e5 parameter.o
                0x0000000000058f70                http__parse_parameter
                0x0000000000059110                http_parameter_list_find_item
                0x00000000000591a0                http_parameter_list_iterate
                0x00000000000591d0                http_parameter_list_destroy
 *fill*         0x00000000000591d5        0x3 
 .text          0x00000000000591d8        0x0 plot_style.o
 *fill*         0x00000000000591d8        0x8 
 .text          0x00000000000591e0      0xf63 png.o
                0x000000000005a110                nspng_init
 *fill*         0x000000000005a143        0x1 
 .text          0x000000000005a144        0x0 pointer_image.o
 *fill*         0x000000000005a144        0xc 
 .text          0x000000000005a150      0x150 primitives.o
                0x000000000005a150                http__skip_LWS
                0x000000000005a180                http__parse_token
                0x000000000005a210                http__parse_quoted_string
 .text          0x000000000005a2a0      0x76b print.o
                0x000000000005a2a0                print_set_up
                0x000000000005a470                print_draw_next_page
                0x000000000005a5d0                print_cleanup
                0x000000000005a620                print_basic_run
                0x000000000005a6d0                print_make_settings
 *fill*         0x000000000005aa0b        0x1 
 .text          0x000000000005aa0c        0x0 progress_image.o
 .text          0x000000000005aa0c        0x0 reload_g.o
 .text          0x000000000005aa0c        0x0 reload.o
 *fill*         0x000000000005aa0c        0x4 
 .text          0x000000000005aa10      0x683 resource.o
                0x000000000005b030                fetch_resource_register
 *fill*         0x000000000005b093        0x1 
 .text          0x000000000005b094        0x0 right_arrow_g.o
 .text          0x000000000005b094        0x0 right_arrow.o
 *fill*         0x000000000005b094        0xc 
 .text          0x000000000005b0a0     0x1c99 save_complete.o
                0x000000000005cca0                save_complete_init
                0x000000000005ccd0                save_complete
 *fill*         0x000000000005cd39        0x7 
 .text          0x000000000005cd40      0x616 save_text.o
                0x000000000005cd40                save_text_solve_whitespace
                0x000000000005d180                save_as_text
 *fill*         0x000000000005d356        0xa 
 .text          0x000000000005d360      0x3e2 schedule.o
                0x000000000005d360                schedule
                0x000000000005d3f0                schedule_remove
                0x000000000005d520                schedule_run
                0x000000000005d650                list_schedule
 *fill*         0x000000000005d742        0xe 
 .text          0x000000000005d750     0x1c08 scrollbar.o
                0x000000000005da80                scrollbar_create
                0x000000000005dba0                scrollbar_destroy
                0x000000000005dbc0                scrollbar_redraw
                0x000000000005eae0                scrollbar_set
                0x000000000005ebd0                scrollbar_scroll
                0x000000000005ecf0                scrollbar_get_offset
                0x000000000005ed10                scrollbar_set_extents
                0x000000000005ede0                scrollbar_is_horizontal
                0x000000000005edf0                scrollbar_mouse_action
                0x000000000005f1c0                scrollbar_mouse_drag_end
                0x000000000005f2e0                scrollbar_start_content_drag
                0x000000000005f310                scrollbar_make_pair
                0x000000000005f350                scrollbar_get_data
 .text          0x000000000005f358        0x0 scrolld.o
 .text          0x000000000005f358        0x0 scrolll.o
 .text          0x000000000005f358      0xe52 scroll.o
                0x000000000005fe2c                fbtk_create_vscroll
                0x000000000005ff46                fbtk_create_hscroll
                0x0000000000060060                fbtk_set_scroll_parameters
                0x000000000006011b                fbtk_set_scroll_position
 *fill*         0x00000000000601aa        0x2 
 .text          0x00000000000601ac        0x0 scrollr.o
 .text          0x00000000000601ac        0x0 scrollu.o
 *fill*         0x00000000000601ac        0x4 
 .text          0x00000000000601b0      0x230 search.o
                0x0000000000060200                browser_window_search_create_context
                0x00000000000602b0                browser_window_search_destroy_context
                0x0000000000060300                browser_window_search_verify_new
                0x0000000000060330                browser_window_search_step
                0x0000000000060390                browser_window_search_show_all
 .text          0x00000000000603e0      0xd23 search_ren.o
                0x0000000000060810                search_create_context
                0x0000000000060970                search_term_highlighted
                0x00000000000609e0                search_show_all
                0x0000000000060ae0                search_step
                0x0000000000061060                search_destroy_context
 *fill*         0x0000000000061103        0xd 
 .text          0x0000000000061110      0x413 searchweb.o
                0x0000000000061110                search_is_url
                0x0000000000061120                search_web_provider_details
                0x0000000000061270                search_web_provider_name
                0x00000000000612a0                search_web_provider_host
                0x00000000000612d0                search_web_ico_name
                0x0000000000061300                search_web_get_url
                0x00000000000613e0                search_web_from_term
                0x0000000000061450                search_web_new_window
                0x00000000000614e0                search_web_retrieve_ico
                0x00000000000614f0                search_web_ico
                0x0000000000061500                search_web_cleanup
 *fill*         0x0000000000061523        0xd 
 .text          0x0000000000061530     0x170a selection.o
                0x0000000000061f30                selection_destroy
                0x0000000000061f50                selection_read_only
                0x0000000000061f80                selection_label_subtree
                0x0000000000062010                selection_reinit
                0x0000000000062120                selection_get_copy
                0x00000000000621b0                selection_copy_to_clipboard
                0x0000000000062280                selection_clear
                0x0000000000062340                selection_init
                0x00000000000623a0                selection_prepare
                0x00000000000623e0                selection_create
                0x0000000000062420                selection_set_end
                0x0000000000062490                selection_get_start
                0x00000000000624c0                selection_set_start
                0x00000000000625b0                selection_select_all
                0x0000000000062650                selection_track
                0x0000000000062750                selection_click
                0x0000000000062960                selection_get_end
                0x0000000000062990                selection_highlighted
                0x0000000000062a50                selection_save_text
                0x0000000000062bf0                selection_update
 *fill*         0x0000000000062c3a        0x6 
 .text          0x0000000000062c40     0x496c select.o
                0x0000000000062d20                nscss_compute_font_size
                0x00000000000647d0                nscss_create_inline_style
                0x00000000000649e0                nscss_get_style
                0x0000000000064a40                nscss_get_blank_style
                0x0000000000064af0                nscss_parse_colour
 *fill*         0x00000000000675ac        0x4 
 .text          0x00000000000675b0      0x55d sslcert.o
                0x0000000000067610                sslcert_init
                0x0000000000067630                sslcert_get_tree_flags
                0x0000000000067640                sslcert_cleanup
                0x0000000000067660                sslcert_create_session_data
                0x00000000000676e0                sslcert_load_tree
                0x0000000000067a80                sslcert_reject
                0x0000000000067ab0                sslcert_accept
 *fill*         0x0000000000067b0d        0x3 
 .text          0x0000000000067b10        0x0 stop_image_g.o
 .text          0x0000000000067b10        0x0 stop_image.o
 .text          0x0000000000067b10      0x1e2 system_colour.o
                0x0000000000067b10                gui_system_colour_init
                0x0000000000067ba0                gui_system_colour_finalize
                0x0000000000067c00                gui_system_colour_char
                0x0000000000067c60                gui_system_colour
 *fill*         0x0000000000067cf2        0xe 
 .text          0x0000000000067d00     0x1f5c table.o
                0x0000000000068330                table_calculate_column_types
                0x00000000000688c0                table_used_border_for_cell
 *fill*         0x0000000000069c5c        0x4 
 .text          0x0000000000069c60     0x3d38 talloc.o
                0x0000000000069d20                talloc_parent
                0x0000000000069d60                talloc_parent_name
                0x0000000000069da0                _talloc_set_destructor
                0x0000000000069dd0                _talloc_reference
                0x0000000000069f30                talloc_increase_ref_count
                0x0000000000069f60                _talloc_steal
                0x000000000006a160                talloc_get_name
                0x000000000006a1a0                talloc_check_name
                0x000000000006a1e0                _talloc
                0x000000000006a2b0                talloc_set_name_const
                0x000000000006a2e0                talloc_named_const
                0x000000000006a3d0                _talloc_move
                0x000000000006a400                talloc_total_size
                0x000000000006a480                talloc_total_blocks
                0x000000000006a4f0                talloc_reference_count
                0x000000000006a680                talloc_report_depth_cb
                0x000000000006a7b0                talloc_report_depth_file
                0x000000000006a7f0                talloc_report_full
                0x000000000006a850                talloc_report
                0x000000000006a8b0                talloc_enable_null_tracking
                0x000000000006a930                talloc_enable_leak_report
                0x000000000006a950                talloc_enable_leak_report_full
                0x000000000006a970                _talloc_zero
                0x000000000006aa80                _talloc_memdup
                0x000000000006ab90                talloc_strdup
                0x000000000006abf0                talloc_strndup
                0x000000000006ad40                talloc_vasprintf
                0x000000000006aeb0                talloc_set_name
                0x000000000006af10                talloc_asprintf
                0x000000000006af40                _talloc_array
                0x000000000006b040                _talloc_zero_array
                0x000000000006b0a0                talloc_autofree_context
                0x000000000006b1a0                talloc_get_size
                0x000000000006b1d0                talloc_find_parent_byname
                0x000000000006b240                talloc_show_parents
                0x000000000006b2f0                talloc_is_parent
                0x000000000006b750                _talloc_realloc
                0x000000000006b920                talloc_realloc_fn
                0x000000000006b950                _talloc_realloc_array
                0x000000000006b9c0                talloc_vasprintf_append
                0x000000000006bae0                talloc_asprintf_append
                0x000000000006bb10                talloc_append_string
                0x000000000006bbc0                talloc_init
                0x000000000006bce0                talloc_named
                0x000000000006be20                talloc_free_children
                0x000000000006c0c0                talloc_free
                0x000000000006c8d0                talloc_disable_null_tracking
                0x000000000006cce0                talloc_unlink
 *fill*         0x000000000006d998        0x8 
 .text          0x000000000006d9a0     0x3463 textarea.o
                0x000000000006e910                textarea_create
                0x000000000006ee30                textarea_destroy
                0x000000000006ee90                textarea_set_text
                0x000000000006ef90                textarea_get_text
                0x000000000006f050                textarea_get_caret
                0x000000000006f0e0                textarea_set_caret
                0x000000000006f610                textarea_redraw
                0x000000000006ff20                textarea_keypress
                0x00000000000707a0                textarea_mouse_action
                0x0000000000070d70                textarea_get_dimensions
                0x0000000000070da0                textarea_set_dimensions
 *fill*         0x0000000000070e03        0xd 
 .text          0x0000000000070e10      0x296 textinput.o
                0x0000000000070e10                browser_window_place_caret
                0x0000000000070ef0                browser_window_remove_caret
                0x0000000000070f40                browser_window_key_press
                0x0000000000071050                browser_window_paste_text
 *fill*         0x00000000000710a6        0xa 
 .text          0x00000000000710b0     0x336b textinput_r.o
                0x0000000000073110                textinput_textarea_click
                0x0000000000074260                textinput_input_click
 *fill*         0x000000000007441b        0x1 
 .text          0x000000000007441c      0xb87 text.o
                0x0000000000074d03                fbtk_writable_text
                0x0000000000074d31                fbtk_set_text
                0x0000000000074e41                fbtk_create_text
                0x0000000000074e95                fbtk_create_writable_text
                0x0000000000074f2b                fbtk_create_text_button
 *fill*         0x0000000000074fa3        0xd 
 .text          0x0000000000074fb0     0x21a6 textplain.o
                0x0000000000074fd0                textplain_get_selection
                0x0000000000076140                textplain_close
                0x0000000000076780                textplain_init
                0x0000000000076890                textplain_set_search
                0x00000000000768a0                textplain_get_search
                0x00000000000768b0                textplain_line_count
                0x00000000000768f0                textplain_size
                0x0000000000076930                textplain_offset_from_coords
                0x0000000000076df0                textplain_find_line
                0x0000000000076e60                textplain_coords_from_range
                0x0000000000077010                textplain_get_line
                0x0000000000077080                textplain_get_raw_data
                0x0000000000077100                textplain_get_browser_window
 *fill*         0x0000000000077156        0x2 
 .text          0x0000000000077158        0x0 throbber0.o
 .text          0x0000000000077158        0x0 throbber1.o
 .text          0x0000000000077158        0x0 throbber2.o
 .text          0x0000000000077158        0x0 throbber3.o
 .text          0x0000000000077158        0x0 throbber4.o
 .text          0x0000000000077158        0x0 throbber5.o
 .text          0x0000000000077158        0x0 throbber6.o
 .text          0x0000000000077158        0x0 throbber7.o
 .text          0x0000000000077158        0x0 throbber8.o
 *fill*         0x0000000000077158        0x8 
 .text          0x0000000000077160      0x179 thumb_ddesk.o
                0x0000000000077160                thumbnail_redraw
 *fill*         0x00000000000772d9        0x7 
 .text          0x00000000000772e0      0x1f7 thumbnail.o
                0x00000000000772e0                thumbnail_create
 *fill*         0x00000000000774d7        0x9 
 .text          0x00000000000774e0     0x3e60 tree_ddesk.o
                0x0000000000078c00                tree_set_icon_dir
                0x0000000000078c60                tree_setup_colours
                0x0000000000078dc0                tree_create_node_element
                0x0000000000078e10                tree_link_node
                0x0000000000078f60                tree_create_leaf_node
                0x00000000000790b0                tree_create_folder_node
                0x0000000000079200                tree_create
                0x0000000000079400                tree_get_redraw
                0x0000000000079410                tree_set_node_selected
                0x00000000000794e0                tree_set_node_user_callback
                0x0000000000079500                tree_set_redraw
                0x0000000000079520                tree_node_has_selection
                0x0000000000079570                tree_node_is_deleted
                0x0000000000079580                tree_node_is_folder
                0x0000000000079590                tree_node_is_default
                0x00000000000795a0                tree_update_node_element
                0x00000000000799e0                tree_set_node_sort_function
                0x0000000000079b80                tree_set_node_expanded
                0x0000000000079be0                tree_delink_node
                0x0000000000079fc0                tree_delete_node
                0x000000000007a050                tree_delete
                0x000000000007a0a0                tree_set_node_icon
                0x000000000007a0e0                tree_update_element_text
                0x000000000007a170                tree_node_element_get_text
                0x000000000007a180                tree_get_root
                0x000000000007a190                tree_is_edited
                0x000000000007a1a0                tree_drag_status
                0x000000000007a1b0                tree_get_default_folder_node
                0x000000000007a1d0                tree_clear_default_folder_node
                0x000000000007a210                tree_node_get_parent
                0x000000000007a220                tree_node_get_child
                0x000000000007a230                tree_node_get_next
                0x000000000007a240                tree_draw
                0x000000000007a410                tree_node_find_element
                0x000000000007a470                tree_delete_selected_nodes
                0x000000000007a530                tree_get_selected_node
                0x000000000007a5a0                tree_set_default_folder_node
                0x000000000007a610                tree_get_link_details
                0x000000000007a6f0                tree_launch_selected
                0x000000000007a710                tree_set_node_selected_at
                0x000000000007a760                tree_drag_end
                0x000000000007a9a0                tree_keypress
                0x000000000007aa10                tree_alphabetical_sort
                0x000000000007aa30                tree_start_edit
                0x000000000007ac30                tree_mouse_action
                0x000000000007b120                tree_load_icon
 .text          0x000000000007b340        0xd tree.o
                0x000000000007b340                tree_icon_name_from_content_type
 *fill*         0x000000000007b34d        0x3 
 .text          0x000000000007b350     0x17a4 tree_url_node.o
                0x000000000007b3d0                tree_url_node_init
                0x000000000007b450                tree_url_node_cleanup
                0x000000000007b4a0                tree_create_URL_node
                0x000000000007b6c0                tree_update_URL_node
                0x000000000007bfb0                tree_create_URL_node_readonly
                0x000000000007c160                tree_url_node_get_title
                0x000000000007c1a0                tree_url_node_get_url
                0x000000000007c400                tree_url_node_edit_title
                0x000000000007c440                tree_url_node_edit_url
                0x000000000007c480                tree_url_node_callback
                0x000000000007c7a0                tree_urlfile_load
                0x000000000007ca10                tree_urlfile_save
 *fill*         0x000000000007caf4        0xc 
 .text          0x000000000007cb00     0x5953 urldb.o
                0x000000000007eee0                urldb_save
                0x000000000007efd0                urldb_set_url_persistence
                0x000000000007f010                urldb_set_url_title
                0x000000000007f080                urldb_set_url_content_type
                0x000000000007f0c0                urldb_update_url_visit_data
                0x000000000007f110                urldb_reset_url_visit_data
                0x000000000007f160                urldb_get_url_data
                0x000000000007f1a0                urldb_get_url
                0x000000000007f1e0                urldb_get_cert_permissions
                0x000000000007f230                urldb_set_thumbnail
                0x000000000007f290                urldb_get_thumbnail
                0x000000000007f2d0                urldb_iterate_partial
                0x000000000007f530                urldb_iterate_entries
                0x000000000007f590                urldb_iterate_cookies
                0x000000000007f5f0                urldb_add_host
                0x000000000007f7b0                urldb_add_path
                0x000000000007fbf0                urldb_add_url
                0x000000000007fe50                urldb_set_cert_permissions
                0x000000000007feb0                urldb_set_auth_details
                0x0000000000080010                urldb_get_auth_details
                0x00000000000800d0                urldb_load
                0x0000000000080a00                urldb_dump
                0x0000000000080a30                urldb_get_cookie
                0x0000000000081310                urldb_set_cookie
                0x0000000000081870                urldb_load_cookies
                0x0000000000082310                urldb_delete_cookie
                0x0000000000082330                urldb_save_cookies
                0x0000000000082410                urldb_destroy
 *fill*         0x0000000000082453        0xd 
 .text          0x0000000000082460     0x1417 url.o
                0x00000000000827a0                url_init
                0x00000000000827d0                url_host_is_ip_address
                0x0000000000082960                url_join
                0x0000000000083110                url_host
                0x0000000000083210                url_scheme
                0x0000000000083280                url_path
                0x00000000000832f0                url_nice
                0x00000000000835e0                url_unescape
                0x00000000000836d0                url_escape
 *fill*         0x0000000000083877        0x9 
 .text          0x0000000000083880      0x15a useragent.o
                0x0000000000083880                user_agent_string
 *fill*         0x00000000000839da        0x2 
 .text          0x00000000000839dc       0x4d user.o
                0x00000000000839dc                fbtk_get_userpw
                0x00000000000839fb                fbtk_create_user
 *fill*         0x0000000000083a29        0x7 
 .text          0x0000000000083a30      0x8af utf8.o
                0x0000000000083cf0                utf8_to_ucs4
                0x0000000000083d30                utf8_from_ucs4
                0x0000000000083d90                utf8_bounded_length
                0x0000000000083dc0                utf8_length
                0x0000000000083df0                utf8_char_byte_length
                0x0000000000083e30                utf8_prev
                0x0000000000083e80                utf8_next
                0x0000000000083fe0                utf8_finalise
                0x0000000000084010                utf8_to_enc
                0x0000000000084040                utf8_from_enc
                0x0000000000084070                utf8_to_html
 *fill*         0x00000000000842df        0x1 
 .text          0x00000000000842e0      0x68b utils.o
                0x00000000000842e0                nscss_len2pt
                0x0000000000084460                nscss_len2px
 *fill*         0x000000000008496b        0x5 
 .text          0x0000000000084970      0x80b utils_utils.o
                0x0000000000084970                ns_realloc
                0x00000000000849d0                strip
                0x0000000000084a30                whitespace
                0x0000000000084a70                remove_underscores
                0x0000000000084af0                squash_whitespace
                0x0000000000084b90                cnv_space2nbsp
                0x0000000000084c20                is_dir
                0x0000000000084c60                regcomp_wrapper
                0x0000000000084d00                human_friendly_bytesize
                0x0000000000084e00                rfc1123_date
                0x0000000000084f20                wallclock
                0x0000000000085060                strcasestr
                0x00000000000850d0                strndup
                0x0000000000085150                strchrnul
 *fill*         0x000000000008517b        0x1 
 .text          0x000000000008517c        0x0 version.o
 .text          0x000000000008517c      0x1cb window.o
                0x00000000000851d4                fbtk_create_window
 *fill*         0x0000000000085347        0x9 
 .text          0x0000000000085350       0xef www-authenticate.o
                0x0000000000085350                http_parse_www_authenticate
                0x0000000000085420                http_www_authenticate_destroy
 *fill*         0x000000000008543f        0x1 
 .text          0x0000000000085440      0x904 snprintf.o
                0x0000000000085440                vsnprintf
                0x0000000000085d2a                snprintf
 .text          0x0000000000085d44      0x20f stubs.o
                0x0000000000085d44                locale_charset
                0x0000000000085d5b                strtof
                0x0000000000085d6f                realpath
                0x0000000000085e51                inet_aton
                0x0000000000085e65                va_copy
                0x0000000000085e75                timeradd
                0x0000000000085ea6                timersub
                0x0000000000085ed4                timerisset
                0x0000000000085eef                timercmp
                0x0000000000085f03                wctomb
                0x0000000000085f17                wcrtomb
                0x0000000000085f2b                mbrtowc
                0x0000000000085f3f                johab_hangul_decompose
 *fill*         0x0000000000085f53        0x1 
 .text          0x0000000000085f54      0x286 divdi3.o
                0x00000000000860c7                __divdi3
                0x0000000000086116                __moddi3
                0x0000000000086193                __udivdi3
                0x00000000000861b7                __umoddi3
 *fill*         0x00000000000861da        0x2 
 .text          0x00000000000861dc       0x1c /home/ashish/me/lib/libm.a(s_fabs.o)
                0x00000000000861dc                fabs
 .text          0x00000000000861f8       0x29 /home/ashish/me/lib/libm.a(s_ceil.o)
                0x00000000000861f8                ceil
 *fill*         0x0000000000086221        0x3 
 .text          0x0000000000086224       0x29 /home/ashish/me/lib/libm.a(sf_ceil.o)
                0x0000000000086224                ceilf
 *fill*         0x000000000008624d        0x3 
 .text          0x0000000000086250       0x7b /home/ashish/me/lib/libcurl.a(curl.o)
                0x0000000000086250                curl_unescape
                0x0000000000086265                curl_free
                0x0000000000086275                curl_easy_unescape
                0x0000000000086292                curl_easy_cleanup
                0x00000000000862a2                curl_easy_init
                0x00000000000862b7                curl_getdate
 *fill*         0x00000000000862cb        0x1 
 .text          0x00000000000862cc     0x3800 /home/ashish/me/lib/libiconv.a(iconv.o)
                0x000000000008914a                aliases_lookup
                0x00000000000891f6                libiconv_open
                0x00000000000894f3                libiconv
                0x0000000000089537                libiconv_close
                0x0000000000089549                libiconv_open_into
                0x000000000008982e                libiconvctl
                0x0000000000089905                libiconvlist
                0x00000000000899e1                iconv_canonicalize
 .text          0x0000000000089acc     0x120b /home/ashish/me/lib/libnsbmp.a(libnsbmp.o)
                0x000000000008a65f                bmp_create
                0x000000000008a688                ico_collection_create
                0x000000000008a6b1                bmp_analyse
                0x000000000008a719                ico_analyse
                0x000000000008a87a                ico_find
                0x000000000008a8e6                bmp_decode
                0x000000000008ac3d                bmp_decode_trans
                0x000000000008ac56                bmp_finalise
                0x000000000008ac95                ico_finalise
 .text          0x000000000008acd7      0xfce /home/ashish/me/lib/libnsgif.a(libnsgif.o)
                0x000000000008aea4                gif_create
                0x000000000008aed8                gif_decode_frame
                0x000000000008b605                gif_finalise
                0x000000000008b67a                gif_initialise
 *fill*         0x000000000008bca5        0x3 
 .text          0x000000000008bca8      0x3fc /home/ashish/me/lib/libpng.a(pngerror.o)
                0x000000000008bca8                png_set_longjmp_fn
                0x000000000008bcca                png_set_error_fn
                0x000000000008bcf1                png_get_error_ptr
                0x000000000008bd05                png_set_strip_error_numbers
                0x000000000008bd26                png_longjmp
                0x000000000008bde4                png_warning
                0x000000000008bea1                png_chunk_warning
                0x000000000008bed9                png_error
                0x000000000008bfe6                png_fixed_error
                0x000000000008c02e                png_chunk_error
                0x000000000008c05c                png_chunk_benign_error
                0x000000000008c080                png_benign_error
 .text          0x000000000008c0a4      0xd9e /home/ashish/me/lib/libpng.a(pngget.o)
                0x000000000008c0a4                png_get_valid
                0x000000000008c0c0                png_get_rowbytes
                0x000000000008c0d9                png_get_rows
                0x000000000008c0f5                png_get_image_width
                0x000000000008c10d                png_get_image_height
                0x000000000008c126                png_get_bit_depth
                0x000000000008c13f                png_get_color_type
                0x000000000008c158                png_get_filter_type
                0x000000000008c171                png_get_interlace_type
                0x000000000008c18a                png_get_compression_type
                0x000000000008c1a3                png_get_x_pixels_per_meter
                0x000000000008c1c8                png_get_y_pixels_per_meter
                0x000000000008c1ed                png_get_pixels_per_meter
                0x000000000008c215                png_get_pixel_aspect_ratio
                0x000000000008c25b                png_get_x_offset_microns
                0x000000000008c280                png_get_y_offset_microns
                0x000000000008c2a5                png_get_x_offset_pixels
                0x000000000008c2ca                png_get_y_offset_pixels
                0x000000000008c2ef                png_get_x_offset_inches
                0x000000000008c32a                png_get_y_offset_inches
                0x000000000008c365                png_get_pHYs_dpi
                0x000000000008c442                png_get_channels
                0x000000000008c45b                png_get_signature
                0x000000000008c474                png_get_bKGD
                0x000000000008c4a1                png_get_cHRM
                0x000000000008c589                png_get_cHRM_fixed
                0x000000000008c641                png_get_gAMA_fixed
                0x000000000008c66e                png_get_gAMA
                0x000000000008c69d                png_get_sRGB
                0x000000000008c6cb                png_get_iCCP
                0x000000000008c729                png_get_sPLT
                0x000000000008c754                png_get_hIST
                0x000000000008c784                png_get_oFFs
                0x000000000008c7ce                png_get_pCAL
                0x000000000008c866                png_get_sCAL_s
                0x000000000008c8a9                png_get_pHYs
                0x000000000008c8f9                png_get_PLTE
                0x000000000008c92f                png_get_sBIT
                0x000000000008c95c                png_get_text
                0x000000000008c99f                png_get_tIME
                0x000000000008c9cc                png_get_tRNS
                0x000000000008ca3d                png_get_unknown_chunks
                0x000000000008ca68                png_get_rgb_to_gray_status
                0x000000000008ca7c                png_get_user_chunk_ptr
                0x000000000008ca90                png_get_compression_buffer_size
                0x000000000008caa4                png_get_user_width_max
                0x000000000008cab8                png_get_user_height_max
                0x000000000008cacc                png_get_chunk_cache_max
                0x000000000008cae0                png_get_chunk_malloc_max
                0x000000000008caf4                png_get_io_state
                0x000000000008cb02                png_get_io_chunk_type
                0x000000000008cb38                png_get_io_chunk_name
                0x000000000008cb45                png_get_sCAL
                0x000000000008cba0                png_get_sCAL_fixed
                0x000000000008cc20                png_get_IHDR
                0x000000000008ccd6                png_get_y_offset_inches_fixed
                0x000000000008cd0d                png_get_x_offset_inches_fixed
                0x000000000008cd6f                png_get_y_pixels_per_inch
                0x000000000008cd99                png_get_x_pixels_per_inch
                0x000000000008cdc3                png_get_pixels_per_inch
                0x000000000008cdf3                png_get_pixel_aspect_ratio_fixed
 *fill*         0x000000000008ce42        0x2 
 .text          0x000000000008ce44     0x1a96 /home/ashish/me/lib/libpng.a(png.o)
                0x000000000008ce44                png_get_io_ptr
                0x000000000008ce58                png_init_io
                0x000000000008ce6d                png_get_copyright
                0x000000000008ce77                png_get_libpng_ver
                0x000000000008ce81                png_get_header_ver
                0x000000000008ce8b                png_get_header_version
                0x000000000008ce95                png_access_version_number
                0x000000000008ce9f                png_check_fp_number
                0x000000000008cf74                png_check_fp_string
                0x000000000008d010                png_64bit_product
                0x000000000008d06a                png_gamma_significant
                0x000000000008d082                png_reciprocal2
                0x000000000008d0e9                png_reciprocal
                0x000000000008d14d                png_muldiv
                0x000000000008d33e                png_gamma_16bit_correct
                0x000000000008d3b6                png_gamma_8bit_correct
                0x000000000008d48d                png_build_gamma_table
                0x000000000008d7f0                png_gamma_correct
                0x000000000008d825                png_muldiv_warn
                0x000000000008d85f                png_check_cHRM_fixed
                0x000000000008d998                png_data_freer
                0x000000000008d9e5                png_zalloc
                0x000000000008da43                png_fixed
                0x000000000008dab0                png_ascii_from_fixed
                0x000000000008db75                png_check_IHDR
                0x000000000008ddb3                png_set_sig_bytes
                0x000000000008dde6                png_ascii_from_fp
                0x000000000008e179                png_reset_zstream
                0x000000000008e19b                png_handle_as_unknown
                0x000000000008e1f1                png_sig_cmp
                0x000000000008e25b                png_convert_to_rfc1123
                0x000000000008e311                png_zfree
                0x000000000008e31d                png_free_data
                0x000000000008e732                png_info_init_3
                0x000000000008e77b                png_info_destroy
                0x000000000008e7de                png_destroy_info_struct
                0x000000000008e82a                png_create_info_struct
                0x000000000008e86f                png_calculate_crc
                0x000000000008e8bb                png_reset_crc
 *fill*         0x000000000008e8da        0x2 
 .text          0x000000000008e8dc     0x1e8e /home/ashish/me/lib/libpng.a(pngpread.o)
                0x000000000008e8dc                png_push_crc_skip
                0x000000000008e8f7                png_push_restore_buffer
                0x000000000008e923                png_push_have_info
                0x000000000008e93b                png_push_have_end
                0x000000000008e953                png_push_have_row
                0x000000000008e97f                png_get_progressive_ptr
                0x000000000008e993                png_set_progressive_read_fn
                0x000000000008e9cd                png_progressive_combine_row
                0x000000000008ea15                png_push_fill_buffer
                0x000000000008eaae                png_push_handle_unknown
                0x000000000008ebe8                png_push_handle_iTXt
                0x000000000008ec48                png_push_handle_zTXt
                0x000000000008eca8                png_push_handle_tEXt
                0x000000000008ed08                png_process_data_skip
                0x000000000008ed6a                png_read_push_finish_row
                0x000000000008eea5                png_push_process_row
                0x000000000008f28d                png_process_IDAT_data
                0x000000000008f3eb                png_push_save_buffer
                0x000000000008f4fe                png_push_read_IDAT
                0x000000000008f6b0                png_push_crc_finish
                0x000000000008f78a                png_push_read_iTXt
                0x000000000008f8dd                png_push_read_zTXt
                0x000000000008fc19                png_push_read_tEXt
                0x000000000008fd36                png_process_data_pause
                0x000000000008fd7b                png_push_read_chunk
                0x00000000000905f0                png_push_read_sig
                0x0000000000090695                png_process_some_data
                0x0000000000090715                png_process_data
 *fill*         0x000000000009076a        0x2 
 .text          0x000000000009076c     0x1aa3 /home/ashish/me/lib/libpng.a(pngread.o)
                0x000000000009076c                png_set_read_status_fn
                0x0000000000090781                png_read_destroy
                0x0000000000090a4b                png_destroy_read_struct
                0x0000000000090b1e                png_read_end
                0x0000000000091094                png_start_read_image
                0x00000000000910c2                png_read_row
                0x0000000000091538                png_read_image
                0x00000000000915ed                png_read_rows
                0x0000000000091671                png_read_update_info
                0x00000000000916bc                png_read_info
                0x0000000000091cdb                png_read_png
                0x0000000000091ee8                png_create_read_struct_2
                0x00000000000921f0                png_create_read_struct
 *fill*         0x000000000009220f        0x1 
 .text          0x0000000000092210       0xc4 /home/ashish/me/lib/libpng.a(pngrio.o)
                0x0000000000092210                png_set_read_fn
                0x0000000000092272                png_default_read_data
                0x00000000000922ad                png_read_data
 .text          0x00000000000922d4     0x47eb /home/ashish/me/lib/libpng.a(pngrtran.o)
                0x00000000000922d4                png_set_strip_16
                0x00000000000922ea                png_set_strip_alpha
                0x0000000000092300                png_set_expand
                0x000000000009231d                png_set_palette_to_rgb
                0x000000000009233a                png_set_expand_gray_1_2_4_to_8
                0x0000000000092357                png_set_tRNS_to_alpha
                0x0000000000092370                png_set_gray_to_rgb
                0x000000000009239e                png_set_read_user_transform_fn
                0x00000000000923bd                png_read_transform_info
                0x0000000000092550                png_do_unpack
                0x0000000000092675                png_do_unshift
                0x0000000000092813                png_do_chop
                0x0000000000092855                png_do_read_swap_alpha
                0x0000000000092953                png_do_read_invert_alpha
                0x00000000000929d3                png_do_read_filler
                0x0000000000092c6e                png_do_gray_to_rgb