Archive member included because of file (symbol)

/home/ashish/me/lib/libm.a(s_fabs.o)
                              browser.o (fabs)
/home/ashish/me/lib/libm.a(s_ceil.o)
                              layout.o (ceil)
/home/ashish/me/lib/libm.a(sf_ceil.o)
                              html_redraw.o (ceilf)
/home/ashish/me/lib/libiconv.a(iconv.o)
                              utf8.o (libiconv_open)
/home/ashish/me/lib/libnsbmp.a(libnsbmp.o)
                              bmp.o (bmp_create)
/home/ashish/me/lib/libnsgif.a(libnsgif.o)
                              gif.o (gif_create)
/home/ashish/me/lib/libpng.a(pngerror.o)
                              png.o (png_set_longjmp_fn)
/home/ashish/me/lib/libpng.a(pngget.o)
                              png.o (png_get_valid)
/home/ashish/me/lib/libpng.a(png.o)
                              png.o (png_get_io_ptr)
/home/ashish/me/lib/libpng.a(pngpread.o)
                              png.o (png_get_progressive_ptr)
/home/ashish/me/lib/libpng.a(pngread.o)
                              png.o (png_destroy_read_struct)
/home/ashish/me/lib/libpng.a(pngrio.o)
                              png.o (png_set_read_fn)
/home/ashish/me/lib/libpng.a(pngrtran.o)
                              png.o (png_set_strip_16)
/home/ashish/me/lib/libpng.a(pngrutil.o)
                              /home/ashish/me/lib/libpng.a(pngpread.o) (png_read_filter_row)
/home/ashish/me/lib/libpng.a(pngset.o)
                              /home/ashish/me/lib/libpng.a(pngrutil.o) (png_set_oFFs)
/home/ashish/me/lib/libpng.a(pngtrans.o)
                              /home/ashish/me/lib/libpng.a(pngread.o) (png_set_bgr)
/home/ashish/me/lib/libpng.a(pngmem.o)
                              /home/ashish/me/lib/libpng.a(pngread.o) (png_set_mem_fn)
/home/ashish/me/lib/libjpeg.a(jdapimin.o)
                              jpeg.o (jpeg_finish_decompress)
/home/ashish/me/lib/libjpeg.a(jdapistd.o)
                              jpeg.o (jpeg_read_scanlines)
/home/ashish/me/lib/libjpeg.a(jdinput.o)
                              /home/ashish/me/lib/libjpeg.a(jdapimin.o) (jinit_input_controller)
/home/ashish/me/lib/libjpeg.a(jdmarker.o)
                              jpeg.o (jpeg_resync_to_restart)
/home/ashish/me/lib/libjpeg.a(jdmaster.o)
                              jpeg.o (jpeg_calc_output_dimensions)
/home/ashish/me/lib/libjpeg.a(jdmerge.o)
                              /home/ashish/me/lib/libjpeg.a(jdmaster.o) (jinit_merged_upsampler)
/home/ashish/me/lib/libjpeg.a(jdphuff.o)
                              /home/ashish/me/lib/libjpeg.a(jdmaster.o) (jinit_phuff_decoder)
/home/ashish/me/lib/libjpeg.a(jdpostct.o)
                              /home/ashish/me/lib/libjpeg.a(jdmaster.o) (jinit_d_post_controller)
/home/ashish/me/lib/libjpeg.a(jdsample.o)
                              /home/ashish/me/lib/libjpeg.a(jdmaster.o) (jinit_upsampler)
/home/ashish/me/lib/libjpeg.a(jerror.o)
                              jpeg.o (jpeg_std_error)
/home/ashish/me/lib/libjpeg.a(jquant1.o)
                              /home/ashish/me/lib/libjpeg.a(jdmaster.o) (jinit_1pass_quantizer)
/home/ashish/me/lib/libjpeg.a(jquant2.o)
                              /home/ashish/me/lib/libjpeg.a(jdmaster.o) (jinit_2pass_quantizer)
/home/ashish/me/lib/libjpeg.a(jutils.o)
                              /home/ashish/me/lib/libjpeg.a(jdinput.o) (jdiv_round_up)
/home/ashish/me/lib/libjpeg.a(jmemmgr.o)
                              /home/ashish/me/lib/libjpeg.a(jdapimin.o) (jinit_memory_mgr)
/home/ashish/me/lib/libjpeg.a(jmemnobs.o)
                              /home/ashish/me/lib/libjpeg.a(jmemmgr.o) (jpeg_mem_available)
/home/ashish/me/lib/libjpeg.a(jcomapi.o)
                              /home/ashish/me/lib/libjpeg.a(jdapimin.o) (jpeg_abort)
/home/ashish/me/lib/libjpeg.a(jdcoefct.o)
                              /home/ashish/me/lib/libjpeg.a(jdmaster.o) (jinit_d_coef_controller)
/home/ashish/me/lib/libjpeg.a(jdcolor.o)
                              /home/ashish/me/lib/libjpeg.a(jdmaster.o) (jinit_color_deconverter)
/home/ashish/me/lib/libjpeg.a(jddctmgr.o)
                              /home/ashish/me/lib/libjpeg.a(jdmaster.o) (jinit_inverse_dct)
/home/ashish/me/lib/libjpeg.a(jdhuff.o)
                              /home/ashish/me/lib/libjpeg.a(jdphuff.o) (jpeg_fill_bit_buffer)
/home/ashish/me/lib/libjpeg.a(jdmainct.o)
                              /home/ashish/me/lib/libjpeg.a(jdmaster.o) (jinit_d_main_controller)
/home/ashish/me/lib/libjpeg.a(jidctflt.o)
                              /home/ashish/me/lib/libjpeg.a(jddctmgr.o) (jpeg_idct_float)
/home/ashish/me/lib/libjpeg.a(jidctfst.o)
                              /home/ashish/me/lib/libjpeg.a(jddctmgr.o) (jpeg_idct_ifast)
/home/ashish/me/lib/libjpeg.a(jidctint.o)
                              /home/ashish/me/lib/libjpeg.a(jddctmgr.o) (jpeg_idct_islow)
/home/ashish/me/lib/libjpeg.a(jidctred.o)
                              /home/ashish/me/lib/libjpeg.a(jddctmgr.o) (jpeg_idct_4x4)
[...]
Memory Configuration

Name             Origin             Length             Attributes
*default*        0x0000000000000000 0xffffffffffffffff

Linker script and memory map


.text           0x0000000000000000   0x1cfbe0
                0x0000000000000000                code = .
                0x0000000000000000                _code = .
 *(.text)
 .text          0x0000000000000000       0x24 /home/ashish/me/stub/crt0.o
                0x0000000000000000                start
                0x0000000000000000                __menuet__app_header
                0x0000000000000014                __menuet__memsize
 *fill*         0x0000000000000024        0xc 
 .text          0x0000000000000030      0xec3 about.o
                0x0000000000000e90                fetch_about_register
 *fill*         0x0000000000000ef3        0xd 
 .text          0x0000000000000f00      0x44a base64.o
                0x0000000000000f00                base64_encode
                0x0000000000001060                base64_encode_alloc
                0x00000000000010f0                isbase64
                0x0000000000001110                base64_decode
                0x00000000000012b0                base64_decode_alloc
 *fill*         0x000000000000134a        0x2 
 .text          0x000000000000134c      0x52b bitmap_fbtk.o
                0x00000000000016cb                fbtk_set_bitmap
                0x000000000000173c                fbtk_create_bitmap
                0x00000000000017c8                fbtk_create_button
 *fill*         0x0000000000001877        0x9 
 .text          0x0000000000001880      0x476 bitmap.o
                0x0000000000001880                bitmap_create
                0x00000000000019a0                bitmap_get_buffer
                0x00000000000019e0                bitmap_get_rowstride
                0x0000000000001a20                bitmap_destroy
                0x0000000000001a50                bitmap_save
                0x0000000000001a60                bitmap_modified
                0x0000000000001a70                bitmap_set_opaque
                0x0000000000001b10                bitmap_test_opaque
                0x0000000000001c30                bitmap_get_opaque
                0x0000000000001c70                bitmap_get_width
                0x0000000000001cb0                bitmap_get_height
                0x0000000000001cf0                bitmap_get_bpp
 *fill*         0x0000000000001cf6        0xa 
 .text          0x0000000000001d00      0x4d0 bmp.o
                0x00000000000021a0                nsbmp_init
 .text          0x00000000000021d0     0x5fc2 box_construct.o
                0x0000000000005450                dom_to_box
                0x0000000000005500                box_construct_init
                0x0000000000005a00                box_construct_fini
                0x0000000000005e80                box_extract_link
 *fill*         0x0000000000008192        0xe 
 .text          0x00000000000081a0     0x14ab box_normalise.o
                0x00000000000081a0                box_normalise_block
 *fill*         0x000000000000964b        0x5 
 .text          0x0000000000009650     0x1bda box.o
                0x0000000000009e50                box_style_alloc
                0x0000000000009e80                box_create
                0x000000000000a0a0                box_add_child
                0x000000000000a140                box_insert_sibling
                0x000000000000a190                box_free_box
                0x000000000000a1f0                box_free
                0x000000000000a230                box_unlink_and_free
                0x000000000000a2c0                box_coords
                0x000000000000a370                box_bounds
                0x000000000000a3c0                box_at_point
                0x000000000000a6f0                box_pick_text_box
                0x000000000000a830                box_find_by_id
                0x000000000000a880                box_visible
                0x000000000000a8b0                box_dump
                0x000000000000af20                box_handle_scrollbars
                0x000000000000b1f0                box_vscrollbar_present
                0x000000000000b210                box_hscrollbar_present
 *fill*         0x000000000000b22a        0x6 
 .text          0x000000000000b230     0x5326 browser.o
                0x000000000000bab0                browser_window_redraw
                0x000000000000c130                browser_window_redraw_ready
                0x000000000000c1b0                browser_window_update_extent
                0x000000000000c1e0                browser_window_get_position
                0x000000000000c330                browser_window_set_position
                0x000000000000c3e0                browser_window_set_drag_type
                0x000000000000c450                browser_window_get_drag_type
                0x000000000000c460                browser_window_get_root
                0x000000000000c4a0                browser_window_has_selection
                0x000000000000c4f0                browser_window_set_selection
                0x000000000000c960                browser_window_get_selection
                0x000000000000c9a0                browser_window_scroll_visible
                0x000000000000ca60                browser_window_set_scroll
                0x000000000000caf0                browser_window_get_contextual_content
                0x000000000000cbe0                browser_window_scroll_at_point
                0x000000000000cd20                browser_window_drop_file_at_point
                0x000000000000ce20                browser_window_debug_dump
                0x000000000000ce40                browser_window_initialise_common
                0x000000000000d1b0                browser_window_get_dimensions
                0x000000000000d230                browser_window_set_dimensions
                0x000000000000d2e0                browser_window_update_box
                0x000000000000d3e0                browser_window_update
                0x000000000000d760                browser_window_set_status
                0x000000000000d820                browser_window_set_pointer
                0x000000000000d900                browser_window_destroy
                0x000000000000d950                browser_window_reformat
                0x000000000000da40                browser_window_set_scale
                0x000000000000daa0                browser_window_get_scale
                0x000000000000dab0                browser_window_refresh_url_bar
                0x000000000000dba0                browser_window_stop
                0x000000000000dd00                browser_window_go_post
                0x000000000000e6c0                browser_window_go_unverifiable
                0x000000000000e720                browser_window_download
                0x000000000000e780                browser_window_go
                0x000000000000e8d0                browser_window_reload
                0x000000000000e9e0                browser_window_create
                0x000000000000f950                browser_window_find_target
                0x000000000000fc70                browser_window_mouse_track
                0x0000000000010130                browser_window_redraw_rect
                0x0000000000010140                browser_window_page_drag_start
                0x00000000000101f0                browser_window_mouse_click
                0x0000000000010480                browser_window_back_available
                0x00000000000104b0                browser_window_forward_available
                0x00000000000104e0                browser_window_reload_available
                0x0000000000010510                browser_window_stop_available
 *fill*         0x0000000000010556        0x2 
 .text          0x0000000000010558        0x0 caret_image.o
 *fill*         0x0000000000010558        0x8 
 .text          0x0000000000010560      0x285 challenge.o
                0x00000000000105b0                http__parse_challenge
                0x00000000000107b0                http_challenge_list_iterate
                0x00000000000107e0                http_challenge_list_destroy
 *fill*         0x00000000000107e5        0xb 
 .text          0x00000000000107f0      0x14a clipboard.o
                0x00000000000107f0                gui_get_clipboard
                0x00000000000108d0                gui_set_clipboard
 *fill*         0x000000000001093a        0x6 
 .text          0x0000000000010940      0x18a content-disposition.o
                0x0000000000010940                http_parse_content_disposition
                0x0000000000010a80                http_content_disposition_destroy
 *fill*         0x0000000000010aca        0x6 
 .text          0x0000000000010ad0      0x2fd content_factory.o
                0x0000000000010b50                content_factory_fini
                0x0000000000010bd0                content_factory_register_handler
                0x0000000000010cd0                content_factory_type_from_mime_type
                0x0000000000010cf0                content_factory_create_content
 *fill*         0x0000000000010dcd        0x3 
 .text          0x0000000000010dd0     0x2163 content.o
                0x0000000000010e90                content_can_reformat
                0x0000000000010ec0                content_set_status
                0x0000000000010f20                content__init
                0x0000000000011120                content_set_error
                0x0000000000011140                content_mouse_action
                0x00000000000111e0                content_redraw
                0x0000000000011280                content_add_user
                0x0000000000011370                content_remove_user
                0x00000000000114a0                content_count_users
                0x00000000000114f0                content_matches_quirks
                0x0000000000011510                content_is_shareable
                0x0000000000011530                content_broadcast
                0x00000000000115f0                content__request_redraw
                0x0000000000011660                content_request_redraw
                0x00000000000116c0                content_mouse_track
                0x00000000000117e0                content__reformat
                0x0000000000011970                content_reformat
                0x00000000000119c0                content_set_done
                0x0000000000011a50                content_set_ready
                0x0000000000011e20                content_broadcast_errorcode
                0x0000000000011ef0                content_open
                0x0000000000012000                content_close
                0x00000000000120c0                content_get_selection
                0x0000000000012110                content_get_contextual_content
                0x00000000000121b0                content_scroll_at_point
                0x0000000000012250                content_drop_file_at_point
                0x00000000000122e0                content_debug_dump
                0x0000000000012340                content_add_error
                0x0000000000012350                content__set_title
                0x00000000000123b0                content_find_rfc5988_link
                0x0000000000012430                content__free_rfc5988_link
                0x0000000000012580                content_destroy
                0x00000000000126e0                content__add_rfc5988_link
                0x0000000000012800                content_get_type
                0x0000000000012830                content_get_mime_type
                0x0000000000012860                content__get_mime_type
                0x0000000000012880                content_get_url
                0x00000000000128a0                content__get_title
                0x00000000000128e0                content_get_title
                0x0000000000012900                content_get_status
                0x0000000000012930                content__get_status
                0x0000000000012950                content_get_status_message
                0x0000000000012980                content__get_status_message
                0x00000000000129a0                content_get_width
                0x00000000000129d0                content__get_width
                0x00000000000129f0                content_get_height
                0x0000000000012a20                content__get_height
                0x0000000000012a40                content_get_available_width
                0x0000000000012a70                content__get_available_width
                0x0000000000012a90                content__get_source_data
                0x0000000000012af0                content_get_source_data
                0x0000000000012b20                content__invalidate_reuse_data
                0x0000000000012b40                content_invalidate_reuse_data
                0x0000000000012b60                content_get_refresh_url
                0x0000000000012b90                content__get_refresh_url
                0x0000000000012bb0                content__get_bitmap
                0x0000000000012c00                content_get_bitmap
                0x0000000000012c20                content__get_opaque
                0x0000000000012c80                content_get_opaque
                0x0000000000012ca0                content_get_quirks
                0x0000000000012cd0                content_is_locked
                0x0000000000012cf0                content__is_locked
                0x0000000000012d00                content_get_llcache_handle
                0x0000000000012d20                content_clone
                0x0000000000012d50                content__clone
                0x0000000000012ec0                content_abort
 *fill*         0x0000000000012f33        0xd 
 .text          0x0000000000012f40      0x3da content-type.o
                0x0000000000012f40                http_parse_content_type
                0x00000000000132d0                http_content_type_destroy
 *fill*         0x000000000001331a        0x6 
 .text          0x0000000000013320      0xe45 cookies.o
                0x0000000000013cd0                cookies_schedule_update
                0x0000000000013d40                cookies_initialise
                0x0000000000013de0                cookies_get_tree_flags
                0x0000000000013df0                cookies_remove
                0x0000000000013e30                cookies_cleanup
                0x0000000000013e60                cookies_delete_selected
                0x0000000000013ea0                cookies_delete_all
                0x0000000000013f90                cookies_select_all
                0x0000000000013fc0                cookies_clear_selection
                0x0000000000013ff0                cookies_expand_all
                0x0000000000014030                cookies_expand_domains
                0x0000000000014070                cookies_expand_cookies
                0x00000000000140b0                cookies_collapse_all
                0x00000000000140f0                cookies_collapse_domains
                0x0000000000014130                cookies_collapse_cookies
 *fill*         0x0000000000014165        0xb 
 .text          0x0000000000014170     0x5305 corestrings.o
                0x0000000000014170                corestrings_fini
                0x0000000000016e90                corestrings_init
 *fill*         0x0000000000019475        0xb 
 .text          0x0000000000019480      0xee7 css.o
                0x0000000000019b10                nscss_create_css_data
                0x0000000000019e20                nscss_process_css_data
                0x0000000000019ee0                nscss_convert_css_data
                0x000000000001a1d0                nscss_destroy_css_data
                0x000000000001a260                nscss_get_stylesheet
                0x000000000001a2a0                nscss_get_imports
                0x000000000001a310                nscss_init
 *fill*         0x000000000001a367        0x9 
 .text          0x000000000001a370      0xed1 curl.o
                0x000000000001a710                fetch_curl_register
                0x000000000001a840                curl_slist_append
                0x000000000001ac40                curl_slist_free_all
                0x000000000001ac70                curl_multi_add_handle
                0x000000000001ae70                curl_multi_remove_handle
                0x000000000001ae90                curl_easy_init
                0x000000000001aea0                curl_multi_perform
                0x000000000001b230                curl_easy_cleanup
 *fill*         0x000000000001b241        0xf 
 .text          0x000000000001b250      0x783 data.o
                0x000000000001b970                fetch_data_register
 *fill*         0x000000000001b9d3        0xd 
 .text          0x000000000001b9e0      0x3f5 dirlist.o
                0x000000000001b9e0                dirlist_generate_top
                0x000000000001ba20                dirlist_generate_hide_columns
                0x000000000001bae0                dirlist_generate_title
                0x000000000001bb30                dirlist_generate_parent_link
                0x000000000001bb80                dirlist_generate_headings
                0x000000000001bc30                dirlist_generate_row
                0x000000000001bda0                dirlist_generate_bottom
 *fill*         0x000000000001bdd5        0x3 
 .text          0x000000000001bdd8      0x186 dll.o
                0x000000000001bdd8                dll_load
                0x000000000001befb                mem_Alloc
                0x000000000001bf15                mem_ReAlloc
                0x000000000001bf40                mem_Free
 *fill*         0x000000000001bf5e        0x2 
 .text          0x000000000001bf60      0x538 download.o
                0x000000000001c250                download_context_create
                0x000000000001c2b0                download_context_destroy
                0x000000000001c440                download_context_abort
                0x000000000001c450                download_context_get_url
                0x000000000001c470                download_context_get_mime_type
                0x000000000001c480                download_context_get_total_length
                0x000000000001c490                download_context_get_filename
 *fill*         0x000000000001c498        0x8 
 .text          0x000000000001c4a0     0x2eec dump.o
                0x000000000001c730                nscss_dump_computed_style
 .text          0x000000000001f38c      0x447 event.o
                0x000000000001f38c                fbtk_input
                0x000000000001f3fc                fbtk_click
                0x000000000001f4d3                fbtk_tgrab_pointer
                0x000000000001f516                fbtk_warp_pointer
                0x000000000001f66f                fbtk_event
                0x000000000001f783                fbtk_keycode_to_ucs4
 *fill*         0x000000000001f7d3        0x1 
 .text          0x000000000001f7d4     0x1088 fbtk.o
                0x000000000001f851                fbtk_request_redraw
                0x000000000001f939                fbtk_set_mapping
                0x000000000001f9a9                fbtk_set_zorder
                0x000000000001f9df                fbtk_set_pos_and_size
                0x000000000001fa31                fbtk_clip_rect
                0x000000000001fb5d                fbtk_clip_to_widget
                0x000000000001fb8e                fbtk_get_root_widget
                0x000000000001fbf3                fbtk_set_ptr
                0x000000000001fc29                fbtk_set_caret
                0x000000000001fcdc                fbtk_get_absx
                0x000000000001fcf3                fbtk_get_absy
                0x000000000001fd0a                fbtk_get_height
                0x000000000001fd15                fbtk_get_width
                0x000000000001fd20                fbtk_get_bbox
                0x000000000001fd63                fbtk_get_caret
                0x000000000001fdc7                fbtk_get_widget_at
                0x000000000001fe26                fbtk_widget_new
                0x0000000000020168                fbtk_get_redraw_pending
                0x0000000000020186                fbtk_get_handler
                0x00000000000201a1                fbtk_set_handler
                0x00000000000201cf                fbtk_post_callback
                0x000000000002072a                fbtk_redraw
                0x0000000000020749                fbtk_destroy_widget
                0x00000000000207ac                fbtk_set_focus
                0x00000000000207ea                fbtk_get_nsfb
                0x0000000000020800                fbtk_init
 *fill*         0x000000000002085c        0x4 
 .text          0x0000000000020860      0xbdf fetch.o
                0x0000000000020aa0                fetch_init
                0x0000000000020b30                fetch_quit
                0x0000000000020c20                fetch_add_fetcher
                0x0000000000020cb0                fetch_start
                0x0000000000020f80                fetch_abort
                0x0000000000020fc0                fetch_free
                0x0000000000021050                fetch_poll
                0x0000000000021090                fetch_can_fetch
                0x0000000000021110                fetch_change_callback
                0x0000000000021150                fetch_http_code
                0x0000000000021160                fetch_get_verifiable
                0x0000000000021190                fetch_multipart_data_destroy
                0x00000000000211d0                fetch_multipart_data_clone
                0x0000000000021290                fetch_send_callback
                0x00000000000212d0                fetch_remove_from_queues
                0x00000000000213a0                fetch_set_http_code
                0x00000000000213b0                fetch_get_referer_to_send
                0x00000000000213d0                fetch_set_cookie
 *fill*         0x000000000002143f        0x1 
 .text          0x0000000000021440      0xd7c filename.o
                0x0000000000021e10                filename_request
                0x0000000000021f50                filename_claim
                0x0000000000022020                filename_release
                0x00000000000220c0                filename_initialise
                0x00000000000221a0                filename_flush
 *fill*         0x00000000000221bc        0x4 
 .text          0x00000000000221c0      0xcf3 file.o
                0x0000000000022e50                fetch_file_register
 *fill*         0x0000000000022eb3        0xd 
 .text          0x0000000000022ec0      0x6ff filepath.o
                0x0000000000022ec0                filepath_vsfindfile
                0x0000000000022f50                filepath_sfindfile
                0x0000000000022f80                filepath_findfile
                0x0000000000022fe0                filepath_sfind
                0x0000000000023050                filepath_find
                0x00000000000230d0                filepath_sfinddef
                0x0000000000023200                filepath_generate
                0x0000000000023350                filepath_path_to_strvec
                0x00000000000235a0                filepath_free_strvec
 *fill*         0x00000000000235bf        0x1 
 .text          0x00000000000235c0      0x1ad filetype.o
                0x00000000000235c0                fetch_filetype
                0x0000000000023760                fetch_mimetype
 *fill*         0x000000000002376d        0x3 
 .text          0x0000000000023770       0x9d fill.o
                0x00000000000237c8                fbtk_create_fill
 *fill*         0x000000000002380d        0x3 
 .text          0x0000000000023810      0x2c5 findfile.o
                0x0000000000023810                fb_init_resource
                0x00000000000238d0                path_to_url
                0x0000000000023980                url_to_path
                0x0000000000023a20                gui_get_resource_url
 *fill*         0x0000000000023ad5        0xb 
 .text          0x0000000000023ae0      0xdde font_freetype.o
                0x0000000000023d30                utf8_to_local_encoding
                0x0000000000023d50                utf8_from_local_encoding
                0x0000000000023da0                fb_font_init
                0x0000000000024530                fb_font_finalise
                0x0000000000024560                fb_getglyph
 *fill*         0x00000000000248be        0x2 
 .text          0x00000000000248c0      0x197 font.o
                0x00000000000248c0                font_plot_style_from_css
 *fill*         0x0000000000024a57        0x9 
 .text          0x0000000000024a60     0x25a7 form.o
                0x00000000000251e0                form_new
                0x00000000000253d0                form_new_control
                0x0000000000025400                form_add_control
                0x0000000000025460                form_add_option
                0x0000000000025540                form_successful_controls
                0x0000000000026030                form_open_select_menu
                0x0000000000026360                form_free_select_menu
                0x00000000000263a0                form_free_control
                0x0000000000026430                form_free
                0x0000000000026490                form_redraw_select_menu
                0x0000000000026950                form_clip_inside_select_menu
                0x00000000000269f0                form_select_process_selection
                0x0000000000026a50                form_select_mouse_action
                0x0000000000026b70                form_select_mouse_drag_end
                0x0000000000026c50                form_select_get_dimensions
                0x0000000000026c70                form_select_menu_callback
                0x0000000000026cf0                form_radio_set
                0x0000000000026dd0                form_submit
 *fill*         0x0000000000027007        0x9 
 .text          0x0000000000027010      0x8a0 framebuffer.o
                0x00000000000275d0                framebuffer_initialise
                0x0000000000027850                framebuffer_finalise
                0x0000000000027870                framebuffer_set_cursor
                0x00000000000278a0                framebuffer_set_surface
 .text          0x00000000000278b0     0x1caf frames.o
                0x0000000000028130                browser_window_scroll_callback
                0x0000000000028260                browser_window_handle_scrollbars
                0x00000000000284b0                browser_window_recalculate_iframes
                0x0000000000028500                browser_window_create_iframes
                0x0000000000028720                browser_window_recalculate_frameset
                0x0000000000028e70                browser_window_create_frameset
                0x00000000000292f0                browser_window_resize_frame
                0x0000000000029500                browser_window_frame_resize_start
 *fill*         0x000000000002955f        0x1 
 .text          0x0000000000029560       0xe7 generics.o
                0x0000000000029560                http___item_list_destroy
                0x0000000000029590                http___item_list_parse
 *fill*         0x0000000000029647        0x9 
 .text          0x0000000000029650      0x81b gif.o
                0x0000000000029e50                nsgif_init
 *fill*         0x0000000000029e6b        0x5 
 .text          0x0000000000029e70     0x2ce6 gui.o
                0x000000000002b340                gui_options_init_defaults
                0x000000000002b440                gui_poll
                0x000000000002b680                gui_quit
                0x000000000002b6e0                gui_create_browser_window
                0x000000000002c510                gui_window_destroy
                0x000000000002c530                gui_window_set_title
                0x000000000002c590                gui_window_redraw_window
                0x000000000002c5d0                gui_window_update_box
                0x000000000002c620                gui_window_get_scroll
                0x000000000002c670                gui_window_set_scroll
                0x000000000002c700                gui_window_scroll_visible
                0x000000000002c780                gui_window_get_dimensions
                0x000000000002c7e0                gui_window_update_extent
                0x000000000002c880                gui_window_set_status
                0x000000000002c890                gui_window_set_pointer
                0x000000000002c900                gui_window_hide_pointer
                0x000000000002c910                gui_window_set_url
                0x000000000002c920                gui_window_start_throbber
                0x000000000002c940                gui_window_stop_throbber
                0x000000000002c970                gui_window_place_caret
                0x000000000002c9f0                gui_window_remove_caret
                0x000000000002ca40                gui_window_new_content
                0x000000000002ca50                gui_window_scroll_start
                0x000000000002ca60                gui_window_drag_start
                0x000000000002ca70                gui_window_save_link
                0x000000000002ca80                gui_window_set_icon
                0x000000000002ca90                gui_window_set_search_ico
                0x000000000002caa0                gui_download_window_create
                0x000000000002cab0                gui_download_window_data
                0x000000000002cac0                gui_download_window_error
                0x000000000002cad0                gui_download_window_done
                0x000000000002cae0                gui_drag_save_object
                0x000000000002caf0                gui_drag_save_selection
                0x000000000002cb00                gui_start_selection
                0x000000000002cb10                gui_clear_selection
                0x000000000002cb20                gui_create_form_select_menu
                0x000000000002cb30                gui_launch_url
                0x000000000002cb40                gui_cert_verify
 *fill*         0x000000000002cb56        0x2 
 .text          0x000000000002cb58        0x0 hand_image.o
 *fill*         0x000000000002cb58        0x8 
 .text          0x000000000002cb60      0x431 hashtable.o
                0x000000000002cb60                hash_create
                0x000000000002cc50                hash_destroy
                0x000000000002ccc0                hash_add
                0x000000000002ce90                hash_get
                0x000000000002cf30                hash_iterate
 *fill*         0x000000000002cf91        0xf 
 .text          0x000000000002cfa0     0x1228 history_core.o
                0x000000000002d770                history_create
                0x000000000002d7c0                history_add
                0x000000000002dac0                history_update
                0x000000000002dbb0                history_destroy
                0x000000000002dbe0                history_clone
                0x000000000002dcc0                history_back_available
                0x000000000002dcf0                history_forward_available
                0x000000000002dd20                history_go
                0x000000000002de70                history_forward
                0x000000000002deb0                history_back
                0x000000000002def0                history_size
                0x000000000002df10                history_redraw
                0x000000000002df70                history_redraw_rectangle
                0x000000000002e020                history_click
                0x000000000002e070                history_position_url
                0x000000000002e0a0                history_enumerate_forward
                0x000000000002e110                history_enumerate_back
                0x000000000002e180                history_enumerate
                0x000000000002e1a0                history_entry_get_url
                0x000000000002e1b0                history_entry_get_fragment_id
                0x000000000002e1c0                history_entry_get_title
 *fill*         0x000000000002e1c8        0x8 
 .text          0x000000000002e1d0      0xb0c history_global_core.o
                0x000000000002e640                history_global_initialise
                0x000000000002e960                history_global_get_tree_flags
                0x000000000002e970                history_global_cleanup
                0x000000000002e990                global_history_add
                0x000000000002e9c0                history_global_export
                0x000000000002e9f0                history_global_delete_selected
                0x000000000002ea10                history_global_delete_all
                0x000000000002eae0                history_global_select_all
                0x000000000002eb10                history_global_clear_selection
                0x000000000002eb40                history_global_expand_all
                0x000000000002eb80                history_global_expand_directories
                0x000000000002ebc0                history_global_expand_addresses
                0x000000000002ec00                history_global_collapse_all
                0x000000000002ec40                history_global_collapse_directories
                0x000000000002ec80                history_global_collapse_addresses
                0x000000000002ecc0                history_global_launch_selected
 .text          0x000000000002ecdc        0x0 history_image_g.o
 .text          0x000000000002ecdc        0x0 history_image.o
 *fill*         0x000000000002ecdc        0x4 
 .text          0x000000000002ece0     0x116b hlcache.o
                0x000000000002f510                hlcache_initialise
                0x000000000002f5d0                hlcache_stop
                0x000000000002f5f0                hlcache_poll
                0x000000000002f600                hlcache_handle_retrieve
                0x000000000002f770                hlcache_handle_release
                0x000000000002f850                hlcache_handle_get_content
                0x000000000002f890                hlcache_handle_abort
                0x000000000002fa60                hlcache_handle_replace_callback
                0x000000000002fa80                hlcache_handle_clone
                0x000000000002fa90                hlcache_handle_get_url
                0x000000000002fb10                hlcache_finalise
 *fill*         0x000000000002fe4b        0x5 
 .text          0x000000000002fe50      0xcbe hotlist.o
                0x00000000000300e0                hotlist_initialise
                0x0000000000030360                hotlist_get_tree_flags
                0x0000000000030370                hotlist_visited
                0x00000000000303a0                hotlist_export
                0x00000000000303d0                hotlist_cleanup
                0x0000000000030400                hotlist_edit_selected
                0x0000000000030450                hotlist_delete_selected
                0x0000000000030470                hotlist_select_all
                0x00000000000304a0                hotlist_clear_selection
                0x00000000000304d0                hotlist_expand_all
                0x0000000000030510                hotlist_expand_directories
                0x0000000000030550                hotlist_expand_addresses
                0x0000000000030590                hotlist_collapse_all
                0x00000000000305d0                hotlist_collapse_directories
                0x0000000000030610                hotlist_collapse_addresses
                0x0000000000030650                hotlist_add_folder
                0x00000000000307f0                hotlist_add_entry
                0x0000000000030900                hotlist_add_page
                0x00000000000309b0                hotlist_add_page_xy
                0x0000000000030ab0                hotlist_launch_selected
                0x0000000000030ad0                hotlist_set_default_folder
 *fill*         0x0000000000030b0e        0x2 
 .text          0x0000000000030b10      0xe59 html_forms.o
                0x0000000000030b10                html_forms_get_forms
                0x0000000000030ee0                html_forms_get_control_for_node
 *fill*         0x0000000000031969        0x7 
 .text          0x0000000000031970     0x1b8f html_interaction.o
                0x0000000000031b00                html_overflow_scroll_callback
                0x0000000000031c50                html_overflow_scroll_drag_end
                0x0000000000031cf0                html_mouse_action
                0x00000000000332c0                html_mouse_track
 *fill*         0x00000000000334ff        0x1 
 .text          0x0000000000033500     0x5056 html.o
                0x0000000000035680                html_finish_conversion
                0x0000000000035a20                html_begin_conversion
                0x0000000000036a60                html_fetch_object
                0x0000000000036bc0                html_redraw_a_box
                0x0000000000036c20                html__redraw_a_box
                0x00000000000370d0                html_set_status
                0x00000000000380a0                html_set_search
                0x00000000000380b0                html_get_search
                0x00000000000380c0                html_get_document
                0x0000000000038100                html_get_box_tree
                0x0000000000038140                html_get_encoding
                0x0000000000038180                html_get_encoding_source
                0x00000000000381c0                html_get_frameset
                0x0000000000038200                html_get_iframe
                0x0000000000038240                html_get_base_url
                0x0000000000038280                html_get_base_target
                0x00000000000382c0                html_get_stylesheets
                0x0000000000038330                html_get_objects
                0x00000000000383a0                html_get_id_offset
                0x0000000000038400                html_init
                0x0000000000038500                html_get_browser_window
 *fill*         0x0000000000038556        0xa 
 .text          0x0000000000038560     0x6523 html_redraw.o
                0x000000000003a100                text_redraw
                0x000000000003a7d0                html_redraw_box
                0x000000000003e880                html_redraw
 *fill*         0x000000000003ea83        0xd 
 .text          0x000000000003ea90     0x1138 html_script.o
                0x000000000003f330                html_scripts_exec
                0x000000000003f410                html_process_script
                0x000000000003fb10                html_free_scripts
 *fill*         0x000000000003fbc8        0x8 
 .text          0x000000000003fbd0      0x296 http.o
                0x000000000003fbd0                HTTP_YAY
                0x000000000003fbf0                kol_exit
                0x000000000003fc10                HTTP_INIT
 *fill*         0x000000000003fe66        0xa 
 .text          0x000000000003fe70      0x65e ico.o
                0x00000000000404a0                nsico_init
 *fill*         0x00000000000404ce        0x2 
 .text          0x00000000000404d0     0x14b6 image_cache.o
                0x00000000000406a0                image_cache_get_bitmap
                0x0000000000040750                image_cache_speculate
                0x0000000000040780                image_cache_find_bitmap
                0x00000000000407b0                image_cache_init
                0x0000000000040880                image_cache_fini
                0x0000000000040db0                image_cache_add
                0x0000000000040f40                image_cache_remove
                0x0000000000040fd0                image_cache_snsummaryf
                0x0000000000041460                image_cache_snentryf
                0x00000000000417a0                image_cache_redraw
                0x00000000000418e0                image_cache_destroy
                0x0000000000041970                image_cache_get_internal
                0x0000000000041980                image_cache_content_type
 *fill*         0x0000000000041986        0xa 
 .text          0x0000000000041990     0x11ff imagemap.o
                0x00000000000420b0                imagemap_destroy
                0x00000000000421e0                imagemap_dump
                0x0000000000042560                imagemap_extract
                0x0000000000042890                imagemap_get
 *fill*         0x0000000000042b8f        0x1 
 .text          0x0000000000042b90      0x18a image.o
                0x0000000000042b90                image_init
                0x0000000000042bd0                image_bitmap_plot
 *fill*         0x0000000000042d1a        0x6 
 .text          0x0000000000042d20       0xeb internal.o
                0x0000000000042d20                nscss_resolve_url
 *fill*         0x0000000000042e0b        0x5 
 .text          0x0000000000042e10      0x81e jpeg.o
                0x0000000000043600                nsjpeg_init
 *fill*         0x000000000004362e        0x2 
 .text          0x0000000000043630     0x127c knockout.o
                0x0000000000044750                knockout_plot_end
                0x00000000000447a0                knockout_plot_start
 *fill*         0x00000000000448ac        0x4 
 .text          0x00000000000448b0     0x9e44 layout.o
                0x0000000000047dd0                layout_inline_container
                0x000000000004ca70                layout_minmax_table
                0x000000000004e310                layout_calculate_descendant_bboxes
                0x000000000004e5c0                layout_document
 .text          0x000000000004e6f4        0x0 left_arrow_g.o
 .text          0x000000000004e6f4        0x0 left_arrow.o
 *fill*         0x000000000004e6f4        0xc 
 .text          0x000000000004e700      0x73b libdom.o
                0x000000000004e750                libdom_treewalk
                0x000000000004e950                libdom_find_element
                0x000000000004e9b0                libdom_find_first_element
                0x000000000004eac0                libdom_iterate_child_elements
                0x000000000004ebc0                libdom_hubbub_error_to_nserror
                0x000000000004ec80                libdom_parse_file
 *fill*         0x000000000004ee3b        0x5 
 .text          0x000000000004ee40      0x8f2 list.o
                0x000000000004f230                render_list_destroy_counters
                0x000000000004f2a0                render_list_counter_reset
                0x000000000004f380                render_list_counter_increment
                0x000000000004f420                render_list_counter_end_scope
                0x000000000004f480                render_list_counter
                0x000000000004f730                render_list_test
 *fill*         0x000000000004f732        0xe 
 .text          0x000000000004f740     0x2673 llcache.o
                0x0000000000051480                llcache_clean
                0x00000000000515f0                llcache_initialise
                0x00000000000516d0                llcache_finalise
                0x0000000000051840                llcache_poll
                0x0000000000051890                llcache_handle_retrieve
                0x0000000000051920                llcache_handle_change_callback
                0x0000000000051940                llcache_handle_release
                0x00000000000519a0                llcache_handle_clone
                0x00000000000519f0                llcache_handle_abort
                0x0000000000051c20                llcache_handle_force_stream
                0x0000000000051cb0                llcache_handle_invalidate_cache_data
                0x0000000000051ce0                llcache_handle_get_url
                0x0000000000051d00                llcache_handle_get_source_data
                0x0000000000051d30                llcache_handle_get_header
                0x0000000000051da0                llcache_handle_references_same_object
 *fill*         0x0000000000051db3        0xd 
 .text          0x0000000000051dc0      0x3ee locale.o
                0x0000000000051dc0                ls_isalpha
                0x0000000000051e10                ls_isalnum
                0x0000000000051e60                ls_iscntrl
                0x0000000000051eb0                ls_isdigit
                0x0000000000051f00                ls_isgraph
                0x0000000000051f50                ls_islower
                0x0000000000051fa0                ls_isprint
                0x0000000000051ff0                ls_ispunct
                0x0000000000052040                ls_isspace
                0x0000000000052090                ls_isupper
                0x00000000000520e0                ls_isxdigit
                0x0000000000052130                ls_tolower
                0x0000000000052170                ls_toupper
 *fill*         0x00000000000521ae        0x2 
 .text          0x00000000000521b0      0x586 localhistory.o
                0x00000000000522e0                fb_create_localhistory
                0x0000000000052710                fb_localhistory_map
 *fill*         0x0000000000052736        0xa 
 .text          0x0000000000052740       0x16 login.o
                0x0000000000052740                gui_401login_open
 *fill*         0x0000000000052756        0xa 
 .text          0x0000000000052760      0x1a3 log.o
                0x0000000000052760                nslog_init
                0x00000000000527f0                nslog_gettime
                0x00000000000528e0                nslog_log
 *fill*         0x0000000000052903        0x1 
 .text          0x0000000000052904        0x0 menu_image.o
 *fill*         0x0000000000052904        0xc 
 .text          0x0000000000052910      0x772 messages.o
                0x0000000000052910                messages_load_ctx
                0x0000000000052b70                messages_load
                0x0000000000052cb0                messages_get_ctx
                0x0000000000052d00                messages_get_buff
                0x0000000000052df0                messages_get
                0x0000000000052e10                messages_get_errorcode
 *fill*         0x0000000000053082        0xe 
 .text          0x0000000000053090     0x17fe mimesniff.o
                0x00000000000535e0                mimesniff_init
                0x0000000000053990                mimesniff_fini
                0x0000000000053fd0                mimesniff_compute_effective_type
 *fill*         0x000000000005488e        0x2 
 .text          0x0000000000054890      0x128 misc.o
                0x0000000000054890                warn_user
                0x00000000000548f0                die
                0x0000000000054940                filename_from_path
                0x0000000000054970                path_add_part
 *fill*         0x00000000000549b8        0x8 
 .text          0x00000000000549c0      0x1c9 mouse.o
                0x00000000000549c0                browser_mouse_state_dump
 *fill*         0x0000000000054b89        0x3 
 .text          0x0000000000054b8c        0x0 move_image.o
 *fill*         0x0000000000054b8c        0x4 
 .text          0x0000000000054b90      0x942 netsurf.o
                0x0000000000054c70                netsurf_init
                0x0000000000055050                netsurf_main_loop
                0x0000000000055130                netsurf_exit
 *fill*         0x00000000000554d2        0xe 
 .text          0x00000000000554e0       0x66 none.o
                0x00000000000554e0                js_initialise
                0x00000000000554f0                js_finalise
                0x0000000000055500                js_newcontext
                0x0000000000055510                js_destroycontext
                0x0000000000055520                js_newcompartment
                0x0000000000055530                js_exec
                0x0000000000055540                js_fire_event
 .text          0x0000000000055546        0x0 nsfont_bold.o
 .text          0x0000000000055546        0x0 nsfont_italic_bold.o
 .text          0x0000000000055546        0x0 nsfont_italic.o
 .text          0x0000000000055546        0x0 nsfont_regular.o
 *fill*         0x0000000000055546        0xa 
 .text          0x0000000000055550     0x2877 nsurl.o
                0x00000000000566c0                nsurl_create
                0x00000000000568f0                nsurl_ref
                0x0000000000056920                nsurl_unref
                0x0000000000056b80                nsurl_compare
                0x0000000000056d60                nsurl_get
                0x0000000000056df0                nsurl_get_component
                0x0000000000056f50                nsurl_has_component
                0x00000000000570b0                nsurl_access
                0x00000000000570e0                nsurl_access_leaf
                0x0000000000057150                nsurl_length
                0x0000000000057180                nsurl_join
                0x0000000000057690                nsurl_defragment
                0x00000000000577a0                nsurl_refragment
                0x0000000000057930                nsurl_replace_query
                0x0000000000057b70                nsurl_parent
 *fill*         0x0000000000057dc7        0x9 
 .text          0x0000000000057dd0      0xa61 options.o
                0x0000000000057ec0                nsoption_read
                0x00000000000580d0                nsoption_write
                0x0000000000058260                nsoption_commandline
                0x0000000000058440                nsoption_snoptionf
                0x00000000000587d0                nsoption_dump
 *fill*         0x0000000000058831        0x3 
 .text          0x0000000000058834        0x0 osk_image.o
 .text          0x0000000000058834      0x1cf osk.o
                0x0000000000058885                fbtk_enable_oskb
                0x00000000000589d9                map_osk
 *fill*         0x0000000000058a03        0xd 
 .text          0x0000000000058a10      0x2e5 parameter.o
                0x0000000000058a90                http__parse_parameter
                0x0000000000058c30                http_parameter_list_find_item
                0x0000000000058cc0                http_parameter_list_iterate
                0x0000000000058cf0                http_parameter_list_destroy
 *fill*         0x0000000000058cf5        0x3 
 .text          0x0000000000058cf8        0x0 plot_style.o
 *fill*         0x0000000000058cf8        0x8 
 .text          0x0000000000058d00      0xf63 png.o
                0x0000000000059c30                nspng_init
 *fill*         0x0000000000059c63        0x1 
 .text          0x0000000000059c64        0x0 pointer_image.o
 *fill*         0x0000000000059c64        0xc 
 .text          0x0000000000059c70      0x150 primitives.o
                0x0000000000059c70                http__skip_LWS
                0x0000000000059ca0                http__parse_token
                0x0000000000059d30                http__parse_quoted_string
 .text          0x0000000000059dc0      0x76b print.o
                0x0000000000059dc0                print_set_up
                0x0000000000059f90                print_draw_next_page
                0x000000000005a0f0                print_cleanup
                0x000000000005a140                print_basic_run
                0x000000000005a1f0                print_make_settings
 *fill*         0x000000000005a52b        0x1 
 .text          0x000000000005a52c        0x0 progress_image.o
 .text          0x000000000005a52c        0x0 reload_g.o
 .text          0x000000000005a52c        0x0 reload.o
 *fill*         0x000000000005a52c        0x4 
 .text          0x000000000005a530      0x683 resource.o
                0x000000000005ab50                fetch_resource_register
 *fill*         0x000000000005abb3        0x1 
 .text          0x000000000005abb4        0x0 right_arrow_g.o
 .text          0x000000000005abb4        0x0 right_arrow.o
 *fill*         0x000000000005abb4        0xc 
 .text          0x000000000005abc0     0x1c99 save_complete.o
                0x000000000005c7c0                save_complete_init
                0x000000000005c7f0                save_complete
 *fill*         0x000000000005c859        0x7 
 .text          0x000000000005c860      0x616 save_text.o
                0x000000000005c860                save_text_solve_whitespace
                0x000000000005cca0                save_as_text
 *fill*         0x000000000005ce76        0xa 
 .text          0x000000000005ce80      0x38b schedule.o
                0x000000000005ce80                schedule
                0x000000000005cf00                schedule_remove
                0x000000000005d010                schedule_run
                0x000000000005d140                list_schedule
 *fill*         0x000000000005d20b        0x5 
 .text          0x000000000005d210     0x1c08 scrollbar.o
                0x000000000005d540                scrollbar_create
                0x000000000005d660                scrollbar_destroy
                0x000000000005d680                scrollbar_redraw
                0x000000000005e5a0                scrollbar_set
                0x000000000005e690                scrollbar_scroll
                0x000000000005e7b0                scrollbar_get_offset
                0x000000000005e7d0                scrollbar_set_extents
                0x000000000005e8a0                scrollbar_is_horizontal
                0x000000000005e8b0                scrollbar_mouse_action
                0x000000000005ec80                scrollbar_mouse_drag_end
                0x000000000005eda0                scrollbar_start_content_drag
                0x000000000005edd0                scrollbar_make_pair
                0x000000000005ee10                scrollbar_get_data
 .text          0x000000000005ee18        0x0 scrolld.o
 .text          0x000000000005ee18        0x0 scrolll.o
 .text          0x000000000005ee18      0xe52 scroll.o
                0x000000000005f8ec                fbtk_create_vscroll
                0x000000000005fa06                fbtk_create_hscroll
                0x000000000005fb20                fbtk_set_scroll_parameters
                0x000000000005fbdb                fbtk_set_scroll_position
 *fill*         0x000000000005fc6a        0x2 
 .text          0x000000000005fc6c        0x0 scrollr.o
 .text          0x000000000005fc6c        0x0 scrollu.o
 *fill*         0x000000000005fc6c        0x4 
 .text          0x000000000005fc70      0x230 search.o
                0x000000000005fcc0                browser_window_search_create_context
                0x000000000005fd70                browser_window_search_destroy_context
                0x000000000005fdc0                browser_window_search_verify_new
                0x000000000005fdf0                browser_window_search_step
                0x000000000005fe50                browser_window_search_show_all
 .text          0x000000000005fea0      0xd23 search_ren.o
                0x00000000000602d0                search_create_context
                0x0000000000060430                search_term_highlighted
                0x00000000000604a0                search_show_all
                0x00000000000605a0                search_step
                0x0000000000060b20                search_destroy_context
 *fill*         0x0000000000060bc3        0xd 
 .text          0x0000000000060bd0      0x413 searchweb.o
                0x0000000000060bd0                search_is_url
                0x0000000000060be0                search_web_provider_details
                0x0000000000060d30                search_web_provider_name
                0x0000000000060d60                search_web_provider_host
                0x0000000000060d90                search_web_ico_name
                0x0000000000060dc0                search_web_get_url
                0x0000000000060ea0                search_web_from_term
                0x0000000000060f10                search_web_new_window
                0x0000000000060fa0                search_web_retrieve_ico
                0x0000000000060fb0                search_web_ico
                0x0000000000060fc0                search_web_cleanup
 *fill*         0x0000000000060fe3        0xd 
 .text          0x0000000000060ff0     0x170a selection.o
                0x00000000000619f0                selection_destroy
                0x0000000000061a10                selection_read_only
                0x0000000000061a40                selection_label_subtree
                0x0000000000061ad0                selection_reinit
                0x0000000000061be0                selection_get_copy
                0x0000000000061c70                selection_copy_to_clipboard
                0x0000000000061d40                selection_clear
                0x0000000000061e00                selection_init
                0x0000000000061e60                selection_prepare
                0x0000000000061ea0                selection_create
                0x0000000000061ee0                selection_set_end
                0x0000000000061f50                selection_get_start
                0x0000000000061f80                selection_set_start
                0x0000000000062070                selection_select_all
                0x0000000000062110                selection_track
                0x0000000000062210                selection_click
                0x0000000000062420                selection_get_end
                0x0000000000062450                selection_highlighted
                0x0000000000062510                selection_save_text
                0x00000000000626b0                selection_update
 *fill*         0x00000000000626fa        0x6 
 .text          0x0000000000062700     0x496c select.o
                0x00000000000627e0                nscss_compute_font_size
                0x0000000000064290                nscss_create_inline_style
                0x00000000000644a0                nscss_get_style
                0x0000000000064500                nscss_get_blank_style
                0x00000000000645b0                nscss_parse_colour
 *fill*         0x000000000006706c        0x4 
 .text          0x0000000000067070      0x55d sslcert.o
                0x00000000000670d0                sslcert_init
                0x00000000000670f0                sslcert_get_tree_flags
                0x0000000000067100                sslcert_cleanup
                0x0000000000067120                sslcert_create_session_data
                0x00000000000671a0                sslcert_load_tree
                0x0000000000067540                sslcert_reject
                0x0000000000067570                sslcert_accept
 *fill*         0x00000000000675cd        0x3 
 .text          0x00000000000675d0        0x0 stop_image_g.o
 .text          0x00000000000675d0        0x0 stop_image.o
 .text          0x00000000000675d0      0x1da system_colour.o
                0x00000000000675d0                gui_system_colour_init
                0x0000000000067650                gui_system_colour_finalize
                0x00000000000676c0                gui_system_colour_char
                0x0000000000067710                gui_system_colour
 *fill*         0x00000000000677aa        0x6 
 .text          0x00000000000677b0     0x1f5c table.o
                0x0000000000067de0                table_calculate_column_types
                0x0000000000068370                table_used_border_for_cell
 *fill*         0x000000000006970c        0x4 
 .text          0x0000000000069710     0x3d38 talloc.o
                0x00000000000697d0                talloc_parent
                0x0000000000069810                talloc_parent_name
                0x0000000000069850                _talloc_set_destructor
                0x0000000000069880                _talloc_reference
                0x00000000000699e0                talloc_increase_ref_count
                0x0000000000069a10                _talloc_steal
                0x0000000000069c10                talloc_get_name
                0x0000000000069c50                talloc_check_name
                0x0000000000069c90                _talloc
                0x0000000000069d60                talloc_set_name_const
                0x0000000000069d90                talloc_named_const
                0x0000000000069e80                _talloc_move
                0x0000000000069eb0                talloc_total_size
                0x0000000000069f30                talloc_total_blocks
                0x0000000000069fa0                talloc_reference_count
                0x000000000006a130                talloc_report_depth_cb
                0x000000000006a260                talloc_report_depth_file
                0x000000000006a2a0                talloc_report_full
                0x000000000006a300                talloc_report
                0x000000000006a360                talloc_enable_null_tracking
                0x000000000006a3e0                talloc_enable_leak_report
                0x000000000006a400                talloc_enable_leak_report_full
                0x000000000006a420                _talloc_zero
                0x000000000006a530                _talloc_memdup
                0x000000000006a640                talloc_strdup
                0x000000000006a6a0                talloc_strndup
                0x000000000006a7f0                talloc_vasprintf
                0x000000000006a960                talloc_set_name
                0x000000000006a9c0                talloc_asprintf
                0x000000000006a9f0                _talloc_array
                0x000000000006aaf0                _talloc_zero_array
                0x000000000006ab50                talloc_autofree_context
                0x000000000006ac50                talloc_get_size
                0x000000000006ac80                talloc_find_parent_byname
                0x000000000006acf0                talloc_show_parents
                0x000000000006ada0                talloc_is_parent
                0x000000000006b200                _talloc_realloc
                0x000000000006b3d0                talloc_realloc_fn
                0x000000000006b400                _talloc_realloc_array
                0x000000000006b470                talloc_vasprintf_append
                0x000000000006b590                talloc_asprintf_append
                0x000000000006b5c0                talloc_append_string
                0x000000000006b670                talloc_init
                0x000000000006b790                talloc_named
                0x000000000006b8d0                talloc_free_children
                0x000000000006bb70                talloc_free
                0x000000000006c380                talloc_disable_null_tracking
                0x000000000006c790                talloc_unlink
 *fill*         0x000000000006d448        0x8 
 .text          0x000000000006d450     0x3463 textarea.o
                0x000000000006e3c0                textarea_create
                0x000000000006e8e0                textarea_destroy
                0x000000000006e940                textarea_set_text
                0x000000000006ea40                textarea_get_text
                0x000000000006eb00                textarea_get_caret
                0x000000000006eb90                textarea_set_caret
                0x000000000006f0c0                textarea_redraw
                0x000000000006f9d0                textarea_keypress
                0x0000000000070250                textarea_mouse_action
                0x0000000000070820                textarea_get_dimensions
                0x0000000000070850                textarea_set_dimensions
 *fill*         0x00000000000708b3        0xd 
 .text          0x00000000000708c0      0x296 textinput.o
                0x00000000000708c0                browser_window_place_caret
                0x00000000000709a0                browser_window_remove_caret
                0x00000000000709f0                browser_window_key_press
                0x0000000000070b00                browser_window_paste_text
 *fill*         0x0000000000070b56        0xa 
 .text          0x0000000000070b60     0x336b textinput_r.o
                0x0000000000072bc0                textinput_textarea_click
                0x0000000000073d10                textinput_input_click
 *fill*         0x0000000000073ecb        0x1 
 .text          0x0000000000073ecc      0xb87 text.o
                0x00000000000747b3                fbtk_writable_text
                0x00000000000747e1                fbtk_set_text
                0x00000000000748f1                fbtk_create_text
                0x0000000000074945                fbtk_create_writable_text
                0x00000000000749db                fbtk_create_text_button
 *fill*         0x0000000000074a53        0xd 
 .text          0x0000000000074a60     0x21a6 textplain.o
                0x0000000000074a80                textplain_get_selection
                0x0000000000075bf0                textplain_close
                0x0000000000076230                textplain_init
                0x0000000000076340                textplain_set_search
                0x0000000000076350                textplain_get_search
                0x0000000000076360                textplain_line_count
                0x00000000000763a0                textplain_size
                0x00000000000763e0                textplain_offset_from_coords
                0x00000000000768a0                textplain_find_line
                0x0000000000076910                textplain_coords_from_range
                0x0000000000076ac0                textplain_get_line
                0x0000000000076b30                textplain_get_raw_data
                0x0000000000076bb0                textplain_get_browser_window
 *fill*         0x0000000000076c06        0x2 
 .text          0x0000000000076c08        0x0 throbber0.o
 .text          0x0000000000076c08        0x0 throbber1.o
 .text          0x0000000000076c08        0x0 throbber2.o
 .text          0x0000000000076c08        0x0 throbber3.o
 .text          0x0000000000076c08        0x0 throbber4.o
 .text          0x0000000000076c08        0x0 throbber5.o
 .text          0x0000000000076c08        0x0 throbber6.o
 .text          0x0000000000076c08        0x0 throbber7.o
 .text          0x0000000000076c08        0x0 throbber8.o
 *fill*         0x0000000000076c08        0x8 
 .text          0x0000000000076c10      0x179 thumb_ddesk.o
                0x0000000000076c10                thumbnail_redraw
 *fill*         0x0000000000076d89        0x7 
 .text          0x0000000000076d90      0x1b6 thumbnail.o
                0x0000000000076d90                thumbnail_create
 *fill*         0x0000000000076f46        0xa 
 .text          0x0000000000076f50     0x3e60 tree_ddesk.o
                0x0000000000078670                tree_set_icon_dir
                0x00000000000786d0                tree_setup_colours
                0x0000000000078830                tree_create_node_element
                0x0000000000078880                tree_link_node
                0x00000000000789d0                tree_create_leaf_node
                0x0000000000078b20                tree_create_folder_node
                0x0000000000078c70                tree_create
                0x0000000000078e70                tree_get_redraw
                0x0000000000078e80                tree_set_node_selected
                0x0000000000078f50                tree_set_node_user_callback
                0x0000000000078f70                tree_set_redraw
                0x0000000000078f90                tree_node_has_selection
                0x0000000000078fe0                tree_node_is_deleted
                0x0000000000078ff0                tree_node_is_folder
                0x0000000000079000                tree_node_is_default
                0x0000000000079010                tree_update_node_element
                0x0000000000079450                tree_set_node_sort_function
                0x00000000000795f0                tree_set_node_expanded
                0x0000000000079650                tree_delink_node
                0x0000000000079a30                tree_delete_node
                0x0000000000079ac0                tree_delete
                0x0000000000079b10                tree_set_node_icon
                0x0000000000079b50                tree_update_element_text
                0x0000000000079be0                tree_node_element_get_text
                0x0000000000079bf0                tree_get_root
                0x0000000000079c00                tree_is_edited
                0x0000000000079c10                tree_drag_status
                0x0000000000079c20                tree_get_default_folder_node
                0x0000000000079c40                tree_clear_default_folder_node
                0x0000000000079c80                tree_node_get_parent
                0x0000000000079c90                tree_node_get_child
                0x0000000000079ca0                tree_node_get_next
                0x0000000000079cb0                tree_draw
                0x0000000000079e80                tree_node_find_element
                0x0000000000079ee0                tree_delete_selected_nodes
                0x0000000000079fa0                tree_get_selected_node
                0x000000000007a010                tree_set_default_folder_node
                0x000000000007a080                tree_get_link_details
                0x000000000007a160                tree_launch_selected
                0x000000000007a180                tree_set_node_selected_at
                0x000000000007a1d0                tree_drag_end
                0x000000000007a410                tree_keypress
                0x000000000007a480                tree_alphabetical_sort
                0x000000000007a4a0                tree_start_edit
                0x000000000007a6a0                tree_mouse_action
                0x000000000007ab90                tree_load_icon
 .text          0x000000000007adb0        0xd tree.o
                0x000000000007adb0                tree_icon_name_from_content_type
 *fill*         0x000000000007adbd        0x3 
 .text          0x000000000007adc0     0x17a4 tree_url_node.o
                0x000000000007ae40                tree_url_node_init
                0x000000000007aec0                tree_url_node_cleanup
                0x000000000007af10                tree_create_URL_node
                0x000000000007b130                tree_update_URL_node
                0x000000000007ba20                tree_create_URL_node_readonly
                0x000000000007bbd0                tree_url_node_get_title
                0x000000000007bc10                tree_url_node_get_url
                0x000000000007be70                tree_url_node_edit_title
                0x000000000007beb0                tree_url_node_edit_url
                0x000000000007bef0                tree_url_node_callback
                0x000000000007c210                tree_urlfile_load
                0x000000000007c480                tree_urlfile_save
 *fill*         0x000000000007c564        0xc 
 .text          0x000000000007c570     0x582b urldb.o
                0x000000000007e930                urldb_save
                0x000000000007ea00                urldb_set_url_persistence
                0x000000000007ea40                urldb_set_url_title
                0x000000000007eaa0                urldb_set_url_content_type
                0x000000000007eae0                urldb_update_url_visit_data
                0x000000000007eb30                urldb_reset_url_visit_data
                0x000000000007eb70                urldb_get_url_data
                0x000000000007ebb0                urldb_get_url
                0x000000000007ebf0                urldb_get_cert_permissions
                0x000000000007ec40                urldb_set_thumbnail
                0x000000000007eca0                urldb_get_thumbnail
                0x000000000007ece0                urldb_iterate_partial
                0x000000000007ef10                urldb_iterate_entries
                0x000000000007ef70                urldb_iterate_cookies
                0x000000000007efd0                urldb_add_host
                0x000000000007f170                urldb_add_path
                0x000000000007f340                urldb_load
                0x000000000007fc10                urldb_add_url
                0x000000000007fe60                urldb_get_auth_details
                0x000000000007ff10                urldb_set_auth_details
                0x0000000000080070                urldb_set_cert_permissions
                0x0000000000080350                urldb_dump
                0x0000000000080380                urldb_get_cookie
                0x0000000000080cb0                urldb_set_cookie
                0x0000000000081220                urldb_load_cookies
                0x0000000000081c90                urldb_delete_cookie
                0x0000000000081cb0                urldb_save_cookies
                0x0000000000081d50                urldb_destroy
 *fill*         0x0000000000081d9b        0x5 
 .text          0x0000000000081da0     0x1367 url.o
                0x00000000000820e0                url_init
                0x0000000000082110                url_host_is_ip_address
                0x00000000000822a0                url_join
                0x0000000000082a50                url_host
                0x0000000000082b50                url_scheme
                0x0000000000082bc0                url_path
                0x0000000000082c30                url_nice
                0x0000000000082f20                url_unescape
                0x0000000000082f70                url_escape
 *fill*         0x0000000000083107        0x9 
 .text          0x0000000000083110      0x15a useragent.o
                0x0000000000083110                user_agent_string
 *fill*         0x000000000008326a        0x2 
 .text          0x000000000008326c       0x4d user.o
                0x000000000008326c                fbtk_get_userpw
                0x000000000008328b                fbtk_create_user
 *fill*         0x00000000000832b9        0x7 
 .text          0x00000000000832c0      0x8af utf8.o
                0x0000000000083580                utf8_to_ucs4
                0x00000000000835c0                utf8_from_ucs4
                0x0000000000083620                utf8_bounded_length
                0x0000000000083650                utf8_length
                0x0000000000083680                utf8_char_byte_length
                0x00000000000836c0                utf8_prev
                0x0000000000083710                utf8_next
                0x0000000000083870                utf8_finalise
                0x00000000000838a0                utf8_to_enc
                0x00000000000838d0                utf8_from_enc
                0x0000000000083900                utf8_to_html
 *fill*         0x0000000000083b6f        0x1 
 .text          0x0000000000083b70      0x68b utils.o
                0x0000000000083b70                nscss_len2pt
                0x0000000000083cf0                nscss_len2px
 *fill*         0x00000000000841fb        0x5 
 .text          0x0000000000084200      0x80b utils_utils.o
                0x0000000000084200                ns_realloc
                0x0000000000084260                strip
                0x00000000000842c0                whitespace
                0x0000000000084300                remove_underscores
                0x0000000000084380                squash_whitespace
                0x0000000000084420                cnv_space2nbsp
                0x00000000000844b0                is_dir
                0x00000000000844f0                regcomp_wrapper
                0x0000000000084590                human_friendly_bytesize
                0x0000000000084690                rfc1123_date
                0x00000000000847b0                wallclock
                0x00000000000848f0                strcasestr
                0x0000000000084960                strndup
                0x00000000000849e0                strchrnul
 *fill*         0x0000000000084a0b        0x1 
 .text          0x0000000000084a0c        0x0 version.o
 .text          0x0000000000084a0c      0x1cb window.o
                0x0000000000084a64                fbtk_create_window
 *fill*         0x0000000000084bd7        0x9 
 .text          0x0000000000084be0       0xef www-authenticate.o
                0x0000000000084be0                http_parse_www_authenticate
                0x0000000000084cb0                http_www_authenticate_destroy
 *fill*         0x0000000000084ccf        0x1 
 .text          0x0000000000084cd0      0x904 snprintf.o
                0x0000000000084cd0                vsnprintf
                0x00000000000855ba                snprintf
 .text          0x00000000000855d4      0x21e stubs.o
                0x00000000000855d4                locale_charset
                0x00000000000855eb                strtof
                0x00000000000855ff                realpath
                0x00000000000856ef                inet_aton
                0x0000000000085703                va_copy
                0x0000000000085713                timeradd
                0x0000000000085744                timersub
                0x0000000000085772                timerisset
                0x000000000008578d                timercmp
                0x00000000000857a2                wctomb
                0x00000000000857b6                wcrtomb
                0x00000000000857ca                mbrtowc
                0x00000000000857de                johab_hangul_decompose
 *fill*         0x00000000000857f2        0x2 
 .text          0x00000000000857f4      0x286 divdi3.o
                0x0000000000085967                __divdi3
                0x00000000000859b6                __moddi3
                0x0000000000085a33                __udivdi3
                0x0000000000085a57                __umoddi3
 *fill*         0x0000000000085a7a        0x2 
 .text          0x0000000000085a7c       0x1c /home/ashish/me/lib/libm.a(s_fabs.o)
                0x0000000000085a7c                fabs
 .text          0x0000000000085a98       0x29 /home/ashish/me/lib/libm.a(s_ceil.o)
                0x0000000000085a98                ceil
 *fill*         0x0000000000085ac1        0x3 
 .text          0x0000000000085ac4       0x29 /home/ashish/me/lib/libm.a(sf_ceil.o)
                0x0000000000085ac4                ceilf
 *fill*         0x0000000000085aed        0x3 
 .text          0x0000000000085af0     0x3800 /home/ashish/me/lib/libiconv.a(iconv.o)
                0x000000000008896e                aliases_lookup
                0x0000000000088a1a                libiconv_open
                0x0000000000088d17                libiconv
                0x0000000000088d5b                libiconv_close
                0x0000000000088d6d                libiconv_open_into
                0x0000000000089052                libiconvctl
                0x0000000000089129                libiconvlist
                0x0000000000089205                iconv_canonicalize
 .text          0x00000000000892f0     0x120b /home/ashish/me/lib/libnsbmp.a(libnsbmp.o)
                0x0000000000089e83                bmp_create
                0x0000000000089eac                ico_collection_create
                0x0000000000089ed5                bmp_analyse
                0x0000000000089f3d                ico_analyse
                0x000000000008a09e                ico_find
                0x000000000008a10a                bmp_decode
                0x000000000008a461                bmp_decode_trans
                0x000000000008a47a                bmp_finalise
                0x000000000008a4b9                ico_finalise
 .text          0x000000000008a4fb      0xfce /home/ashish/me/lib/libnsgif.a(libnsgif.o)
                0x000000000008a6c8                gif_create
                0x000000000008a6fc                gif_decode_frame
                0x000000000008ae29                gif_finalise
                0x000000000008ae9e                gif_initialise
 *fill*         0x000000000008b4c9        0x3 
 .text          0x000000000008b4cc      0x3fc /home/ashish/me/lib/libpng.a(pngerror.o)
                0x000000000008b4cc                png_set_longjmp_fn
                0x000000000008b4ee                png_set_error_fn
                0x000000000008b515                png_get_error_ptr
                0x000000000008b529                png_set_strip_error_numbers
                0x000000000008b54a                png_longjmp
                0x000000000008b608                png_warning
                0x000000000008b6c5                png_chunk_warning
                0x000000000008b6fd                png_error
                0x000000000008b80a                png_fixed_error
                0x000000000008b852                png_chunk_error
                0x000000000008b880                png_chunk_benign_error
                0x000000000008b8a4                png_benign_error
 .text          0x000000000008b8c8      0xd9e /home/ashish/me/lib/libpng.a(pngget.o)
                0x000000000008b8c8                png_get_valid
                0x000000000008b8e4                png_get_rowbytes
                0x000000000008b8fd                png_get_rows
                0x000000000008b919                png_get_image_width
                0x000000000008b931                png_get_image_height
                0x000000000008b94a                png_get_bit_depth
                0x000000000008b963                png_get_color_type
                0x000000000008b97c                png_get_filter_type
                0x000000000008b995                png_get_interlace_type
                0x000000000008b9ae                png_get_compression_type
                0x000000000008b9c7                png_get_x_pixels_per_meter
                0x000000000008b9ec                png_get_y_pixels_per_meter
                0x000000000008ba11                png_get_pixels_per_meter
                0x000000000008ba39                png_get_pixel_aspect_ratio
                0x000000000008ba7f                png_get_x_offset_microns
                0x000000000008baa4                png_get_y_offset_microns
                0x000000000008bac9                png_get_x_offset_pixels
                0x000000000008baee                png_get_y_offset_pixels
                0x000000000008bb13                png_get_x_offset_inches
                0x000000000008bb4e                png_get_y_offset_inches
                0x000000000008bb89                png_get_pHYs_dpi
                0x000000000008bc66                png_get_channels
                0x000000000008bc7f                png_get_signature
                0x000000000008bc98                png_get_bKGD
                0x000000000008bcc5                png_get_cHRM
                0x000000000008bdad                png_get_cHRM_fixed
                0x000000000008be65                png_get_gAMA_fixed
                0x000000000008be92                png_get_gAMA
                0x000000000008bec1                png_get_sRGB
                0x000000000008beef                png_get_iCCP
                0x000000000008bf4d                png_get_sPLT
                0x000000000008bf78                png_get_hIST
                0x000000000008bfa8                png_get_oFFs
                0x000000000008bff2                png_get_pCAL
                0x000000000008c08a                png_get_sCAL_s
                0x000000000008c0cd                png_get_pHYs
                0x000000000008c11d                png_get_PLTE
                0x000000000008c153                png_get_sBIT
                0x000000000008c180                png_get_text
                0x000000000008c1c3                png_get_tIME
                0x000000000008c1f0                png_get_tRNS
                0x000000000008c261                png_get_unknown_chunks
                0x000000000008c28c                png_get_rgb_to_gray_status
                0x000000000008c2a0                png_get_user_chunk_ptr
                0x000000000008c2b4                png_get_compression_buffer_size
                0x000000000008c2c8                png_get_user_width_max
                0x000000000008c2dc                png_get_user_height_max
                0x000000000008c2f0                png_get_chunk_cache_max
                0x000000000008c304                png_get_chunk_malloc_max
                0x000000000008c318                png_get_io_state
                0x000000000008c326                png_get_io_chunk_type
                0x000000000008c35c                png_get_io_chunk_name
                0x000000000008c369                png_get_sCAL
                0x000000000008c3c4                png_get_sCAL_fixed
                0x000000000008c444                png_get_IHDR
                0x000000000008c4fa                png_get_y_offset_inches_fixed
                0x000000000008c531                png_get_x_offset_inches_fixed
                0x000000000008c593                png_get_y_pixels_per_inch
                0x000000000008c5bd                png_get_x_pixels_per_inch
                0x000000000008c5e7                png_get_pixels_per_inch
                0x000000000008c617                png_get_pixel_aspect_ratio_fixed
 *fill*         0x000000000008c666        0x2 
 .text          0x000000000008c668     0x1a96 /home/ashish/me/lib/libpng.a(png.o)
                0x000000000008c668                png_get_io_ptr
                0x000000000008c67c                png_init_io
                0x000000000008c691                png_get_copyright
                0x000000000008c69b                png_get_libpng_ver
                0x000000000008c6a5                png_get_header_ver
                0x000000000008c6af                png_get_header_version
                0x000000000008c6b9                png_access_version_number
                0x000000000008c6c3                png_check_fp_number
                0x000000000008c798                png_check_fp_string
                0x000000000008c834                png_64bit_product
                0x000000000008c88e                png_gamma_significant
                0x000000000008c8a6                png_reciprocal2
                0x000000000008c90d                png_reciprocal
                0x000000000008c971                png_muldiv
                0x000000000008cb62                png_gamma_16bit_correct
                0x000000000008cbda                png_gamma_8bit_correct
                0x000000000008ccb1                png_build_gamma_table
                0x000000000008d014                png_gamma_correct
                0x000000000008d049                png_muldiv_warn
                0x000000000008d083                png_check_cHRM_fixed
                0x000000000008d1bc                png_data_freer
                0x000000000008d209                png_zalloc
                0x000000000008d267                png_fixed
                0x000000000008d2d4                png_ascii_from_fixed
                0x000000000008d399                png_check_IHDR
                0x000000000008d5d7                png_set_sig_bytes
                0x000000000008d60a                png_ascii_from_fp
                0x000000000008d99d                png_reset_zstream
                0x000000000008d9bf                png_handle_as_unknown
                0x000000000008da15                png_sig_cmp
                0x000000000008da7f                png_convert_to_rfc1123
                0x000000000008db35                png_zfree
                0x000000000008db41                png_free_data
                0x000000000008df56                png_info_init_3
                0x000000000008df9f                png_info_destroy
                0x000000000008e002                png_destroy_info_struct
                0x000000000008e04e                png_create_info_struct
                0x000000000008e093                png_calculate_crc
                0x000000000008e0df                png_reset_crc
 *fill*         0x000000000008e0fe        0x2 
 .text          0x000000000008e100     0x1e8e /home/ashish/me/lib/libpng.a(pngpread.o)
                0x000000000008e100                png_push_crc_skip
                0x000000000008e11b                png_push_restore_buffer
                0x000000000008e147                png_push_have_info
                0x000000000008e15f                png_push_have_end
                0x000000000008e177                png_push_have_row
                0x000000000008e1a3                png_get_progressive_ptr
                0x000000000008e1b7                png_set_progressive_read_fn
                0x000000000008e1f1                png_progressive_combine_row
                0x000000000008e239                png_push_fill_buffer
                0x000000000008e2d2                png_push_handle_unknown
                0x000000000008e40c                png_push_handle_iTXt
                0x000000000008e46c                png_push_handle_zTXt
                0x000000000008e4cc                png_push_handle_tEXt
                0x000000000008e52c                png_process_data_skip
                0x000000000008e58e                png_read_push_finish_row
                0x000000000008e6c9                png_push_process_row
                0x000000000008eab1                png_process_IDAT_data
                0x000000000008ec0f                png_push_save_buffer
                0x000000000008ed22                png_push_read_IDAT
                0x000000000008eed4                png_push_crc_finish
                0x000000000008efae                png_push_read_iTXt
                0x000000000008f101                png_push_read_zTXt
                0x000000000008f43d                png_push_read_tEXt
                0x000000000008f55a                png_process_data_pause
                0x000000000008f59f                png_push_read_chunk
                0x000000000008fe14                png_push_read_sig
                0x000000000008feb9                png_process_some_data
                0x000000000008ff39                png_process_data
 *fill*         0x000000000008ff8e        0x2 
 .text          0x000000000008ff90     0x1aa3 /home/ashish/me/lib/libpng.a(pngread.o)
                0x000000000008ff90                png_set_read_status_fn
                0x000000000008ffa5                png_read_destroy
                0x000000000009026f                png_destroy_read_struct
                0x0000000000090342                png_read_end
                0x00000000000908b8                png_start_read_image
                0x00000000000908e6                png_read_row
                0x0000000000090d5c                png_read_image
                0x0000000000090e11                png_read_rows
                0x0000000000090e95                png_read_update_info
                0x0000000000090ee0                png_read_info
                0x00000000000914ff                png_read_png
                0x000000000009170c                png_create_read_struct_2
                0x0000000000091a14                png_create_read_struct
 *fill*         0x0000000000091a33        0x1 
 .text          0x0000000000091a34       0xc4 /home/ashish/me/lib/libpng.a(pngrio.o)
                0x0000000000091a34                png_set_read_fn
                0x0000000000091a96                png_default_read_data
                0x0000000000091ad1                png_read_data
 .text          0x0000000000091af8     0x47eb /home/ashish/me/lib/libpng.a(pngrtran.o)
                0x0000000000091af8                png_set_strip_16
                0x0000000000091b0e                png_set_strip_alpha
                0x0000000000091b24                png_set_expand
                0x0000000000091b41                png_set_palette_to_rgb
                0x0000000000091b5e                png_set_expand_gray_1_2_4_to_8
                0x0000000000091b7b                png_set_tRNS_to_alpha
                0x0000000000091b94                png_set_gray_to_rgb
                0x0000000000091bc2                png_set_read_user_transform_fn
                0x0000000000091be1                png_read_transform_info
                0x0000000000091d74                png_do_unpack
                0x0000000000091e99                png_do_unshift
                0x0000000000092037                png_do_chop
                0x0000000000092079                png_do_read_swap_alpha
                0x0000000000092177                png_do_read_invert_alpha
                0x00000000000921f7                png_do_read_filler
                0x0000000000092492                png_do_gray_to_rgb
                0x0000000000092608                png_do_rgb_to_gray
                0x0000000000092c90                png_build_grayscale_palette